Archive member included to satisfy reference by file (symbol)

/Applications/ArmGNUToolchain/13.2.Rel1/arm-none-eabi/bin/../lib/gcc/arm-none-eabi/13.2.1/../../../../arm-none-eabi/lib/thumb/v7-m/nofp/libc_nano.a(libc_a-exit.o)
                              /Applications/ArmGNUToolchain/13.2.Rel1/arm-none-eabi/bin/../lib/gcc/arm-none-eabi/13.2.1/../../../../arm-none-eabi/lib/thumb/v7-m/nofp/crt0.o (exit)
/Applications/ArmGNUToolchain/13.2.Rel1/arm-none-eabi/bin/../lib/gcc/arm-none-eabi/13.2.1/../../../../arm-none-eabi/lib/thumb/v7-m/nofp/libc_nano.a(libc_a-findfp.o)
                              /Applications/ArmGNUToolchain/13.2.Rel1/arm-none-eabi/bin/../lib/gcc/arm-none-eabi/13.2.1/../../../../arm-none-eabi/lib/thumb/v7-m/nofp/libc_nano.a(libc_a-exit.o) (__stdio_exit_handler)
/Applications/ArmGNUToolchain/13.2.Rel1/arm-none-eabi/bin/../lib/gcc/arm-none-eabi/13.2.1/../../../../arm-none-eabi/lib/thumb/v7-m/nofp/libc_nano.a(libc_a-fwalk.o)
                              /Applications/ArmGNUToolchain/13.2.Rel1/arm-none-eabi/bin/../lib/gcc/arm-none-eabi/13.2.1/../../../../arm-none-eabi/lib/thumb/v7-m/nofp/libc_nano.a(libc_a-findfp.o) (_fwalk_sglue)
/Applications/ArmGNUToolchain/13.2.Rel1/arm-none-eabi/bin/../lib/gcc/arm-none-eabi/13.2.1/../../../../arm-none-eabi/lib/thumb/v7-m/nofp/libc_nano.a(libc_a-memset.o)
                              /Applications/ArmGNUToolchain/13.2.Rel1/arm-none-eabi/bin/../lib/gcc/arm-none-eabi/13.2.1/../../../../arm-none-eabi/lib/thumb/v7-m/nofp/crt0.o (memset)
/Applications/ArmGNUToolchain/13.2.Rel1/arm-none-eabi/bin/../lib/gcc/arm-none-eabi/13.2.1/../../../../arm-none-eabi/lib/thumb/v7-m/nofp/libc_nano.a(libc_a-impure.o)
                              /Applications/ArmGNUToolchain/13.2.Rel1/arm-none-eabi/bin/../lib/gcc/arm-none-eabi/13.2.1/../../../../arm-none-eabi/lib/thumb/v7-m/nofp/libc_nano.a(libc_a-findfp.o) (_impure_data)
/Applications/ArmGNUToolchain/13.2.Rel1/arm-none-eabi/bin/../lib/gcc/arm-none-eabi/13.2.1/../../../../arm-none-eabi/lib/thumb/v7-m/nofp/libc_nano.a(libc_a-errno.o)
                              build/sysmem.o (__errno)
/Applications/ArmGNUToolchain/13.2.Rel1/arm-none-eabi/bin/../lib/gcc/arm-none-eabi/13.2.1/../../../../arm-none-eabi/lib/thumb/v7-m/nofp/libc_nano.a(libc_a-init.o)
                              /Applications/ArmGNUToolchain/13.2.Rel1/arm-none-eabi/bin/../lib/gcc/arm-none-eabi/13.2.1/../../../../arm-none-eabi/lib/thumb/v7-m/nofp/crt0.o (__libc_init_array)
/Applications/ArmGNUToolchain/13.2.Rel1/arm-none-eabi/bin/../lib/gcc/arm-none-eabi/13.2.1/../../../../arm-none-eabi/lib/thumb/v7-m/nofp/libc_nano.a(libc_a-lock.o)
                              /Applications/ArmGNUToolchain/13.2.Rel1/arm-none-eabi/bin/../lib/gcc/arm-none-eabi/13.2.1/../../../../arm-none-eabi/lib/thumb/v7-m/nofp/libc_nano.a(libc_a-findfp.o) (__retarget_lock_init_recursive)
/Applications/ArmGNUToolchain/13.2.Rel1/arm-none-eabi/bin/../lib/gcc/arm-none-eabi/13.2.1/../../../../arm-none-eabi/lib/thumb/v7-m/nofp/libc_nano.a(libc_a-mallocr.o)
                              /Applications/ArmGNUToolchain/13.2.Rel1/arm-none-eabi/bin/../lib/gcc/arm-none-eabi/13.2.1/../../../../arm-none-eabi/lib/thumb/v7-m/nofp/libc_nano.a(libc_a-findfp.o) (_malloc_r)
/Applications/ArmGNUToolchain/13.2.Rel1/arm-none-eabi/bin/../lib/gcc/arm-none-eabi/13.2.1/../../../../arm-none-eabi/lib/thumb/v7-m/nofp/libc_nano.a(libc_a-fflush.o)
                              /Applications/ArmGNUToolchain/13.2.Rel1/arm-none-eabi/bin/../lib/gcc/arm-none-eabi/13.2.1/../../../../arm-none-eabi/lib/thumb/v7-m/nofp/libc_nano.a(libc_a-findfp.o) (_fflush_r)
/Applications/ArmGNUToolchain/13.2.Rel1/arm-none-eabi/bin/../lib/gcc/arm-none-eabi/13.2.1/../../../../arm-none-eabi/lib/thumb/v7-m/nofp/libc_nano.a(libc_a-mlock.o)
                              /Applications/ArmGNUToolchain/13.2.Rel1/arm-none-eabi/bin/../lib/gcc/arm-none-eabi/13.2.1/../../../../arm-none-eabi/lib/thumb/v7-m/nofp/libc_nano.a(libc_a-mallocr.o) (__malloc_lock)
/Applications/ArmGNUToolchain/13.2.Rel1/arm-none-eabi/bin/../lib/gcc/arm-none-eabi/13.2.1/../../../../arm-none-eabi/lib/thumb/v7-m/nofp/libc_nano.a(libc_a-stdio.o)
                              /Applications/ArmGNUToolchain/13.2.Rel1/arm-none-eabi/bin/../lib/gcc/arm-none-eabi/13.2.1/../../../../arm-none-eabi/lib/thumb/v7-m/nofp/libc_nano.a(libc_a-findfp.o) (__sread)
/Applications/ArmGNUToolchain/13.2.Rel1/arm-none-eabi/bin/../lib/gcc/arm-none-eabi/13.2.1/../../../../arm-none-eabi/lib/thumb/v7-m/nofp/libc_nano.a(libc_a-closer.o)
                              /Applications/ArmGNUToolchain/13.2.Rel1/arm-none-eabi/bin/../lib/gcc/arm-none-eabi/13.2.1/../../../../arm-none-eabi/lib/thumb/v7-m/nofp/libc_nano.a(libc_a-stdio.o) (_close_r)
/Applications/ArmGNUToolchain/13.2.Rel1/arm-none-eabi/bin/../lib/gcc/arm-none-eabi/13.2.1/../../../../arm-none-eabi/lib/thumb/v7-m/nofp/libc_nano.a(libc_a-reent.o)
[...]
Memory Configuration

Name             Origin             Length             Attributes
RAM              0x20000000         0x00002800         xrw
FLASH            0x08000000         0x00008000         xr
*default*        0x00000000         0xffffffff

Linker script and memory map

LOAD /Applications/ArmGNUToolchain/13.2.Rel1/arm-none-eabi/bin/../lib/gcc/arm-none-eabi/13.2.1/thumb/v7-m/nofp/crti.o
LOAD /Applications/ArmGNUToolchain/13.2.Rel1/arm-none-eabi/bin/../lib/gcc/arm-none-eabi/13.2.1/thumb/v7-m/nofp/crtbegin.o
LOAD /Applications/ArmGNUToolchain/13.2.Rel1/arm-none-eabi/bin/../lib/gcc/arm-none-eabi/13.2.1/../../../../arm-none-eabi/lib/thumb/v7-m/nofp/crt0.o
LOAD build/main.o
LOAD build/stm32f1xx_it.o
LOAD build/stm32f1xx_hal_msp.o
LOAD build/usb_device.o
LOAD build/usbd_desc.o
LOAD build/usbd_custom_hid_if.o
LOAD build/usbd_conf.o
LOAD build/stm32f1xx_hal_gpio_ex.o
LOAD build/stm32f1xx_hal_pcd.o
LOAD build/stm32f1xx_hal_pcd_ex.o
LOAD build/stm32f1xx_ll_usb.o
LOAD build/stm32f1xx_hal.o
LOAD build/stm32f1xx_hal_rcc.o
LOAD build/stm32f1xx_hal_rcc_ex.o
LOAD build/stm32f1xx_hal_gpio.o
LOAD build/stm32f1xx_hal_dma.o
LOAD build/stm32f1xx_hal_cortex.o
LOAD build/stm32f1xx_hal_pwr.o
LOAD build/stm32f1xx_hal_flash.o
LOAD build/stm32f1xx_hal_flash_ex.o
LOAD build/stm32f1xx_hal_exti.o
LOAD build/stm32f1xx_hal_tim.o
LOAD build/stm32f1xx_hal_tim_ex.o
LOAD build/system_stm32f1xx.o
LOAD build/usbd_core.o
LOAD build/usbd_ctlreq.o
LOAD build/usbd_ioreq.o
LOAD build/usbd_customhid.o
LOAD build/sysmem.o
LOAD build/syscalls.o
LOAD build/startup_stm32f103x6.o
LOAD /Applications/ArmGNUToolchain/13.2.Rel1/arm-none-eabi/bin/../lib/gcc/arm-none-eabi/13.2.1/../../../../arm-none-eabi/lib/thumb/v7-m/nofp/libc_nano.a
LOAD /Applications/ArmGNUToolchain/13.2.Rel1/arm-none-eabi/bin/../lib/gcc/arm-none-eabi/13.2.1/../../../../arm-none-eabi/lib/thumb/v7-m/nofp/libm.a
LOAD /Applications/ArmGNUToolchain/13.2.Rel1/arm-none-eabi/bin/../lib/gcc/arm-none-eabi/13.2.1/../../../../arm-none-eabi/lib/thumb/v7-m/nofp/libnosys.a
START GROUP
LOAD /Applications/ArmGNUToolchain/13.2.Rel1/arm-none-eabi/bin/../lib/gcc/arm-none-eabi/13.2.1/thumb/v7-m/nofp/libgcc.a
LOAD /Applications/ArmGNUToolchain/13.2.Rel1/arm-none-eabi/bin/../lib/gcc/arm-none-eabi/13.2.1/../../../../arm-none-eabi/lib/thumb/v7-m/nofp/libc_nano.a
END GROUP
START GROUP
LOAD /Applications/ArmGNUToolchain/13.2.Rel1/arm-none-eabi/bin/../lib/gcc/arm-none-eabi/13.2.1/thumb/v7-m/nofp/libgcc.a
LOAD /Applications/ArmGNUToolchain/13.2.Rel1/arm-none-eabi/bin/../lib/gcc/arm-none-eabi/13.2.1/../../../../arm-none-eabi/lib/thumb/v7-m/nofp/libc_nano.a
END GROUP
LOAD /Applications/ArmGNUToolchain/13.2.Rel1/arm-none-eabi/bin/../lib/gcc/arm-none-eabi/13.2.1/thumb/v7-m/nofp/crtend.o
LOAD /Applications/ArmGNUToolchain/13.2.Rel1/arm-none-eabi/bin/../lib/gcc/arm-none-eabi/13.2.1/thumb/v7-m/nofp/crtn.o
                0x20002800                        _estack = (ORIGIN (RAM) + LENGTH (RAM))
                0x00000200                        _Min_Heap_Size = 0x200
                0x00000400                        _Min_Stack_Size = 0x400

.isr_vector     0x08000000      0x10c
                0x08000000                        . = ALIGN (0x4)
 *(.isr_vector)
 .isr_vector    0x08000000      0x10c build/startup_stm32f103x6.o
                0x08000000                g_pfnVectors
                0x0800010c                        . = ALIGN (0x4)

.text           0x0800010c     0x3a18
                0x0800010c                        . = ALIGN (0x4)
 *(.text)
 *(.text*)
 .text.deregister_tm_clones
                0x0800010c       0x1c /Applications/ArmGNUToolchain/13.2.Rel1/arm-none-eabi/bin/../lib/gcc/arm-none-eabi/13.2.1/thumb/v7-m/nofp/crtbegin.o
 .text.register_tm_clones
                0x08000128       0x24 /Applications/ArmGNUToolchain/13.2.Rel1/arm-none-eabi/bin/../lib/gcc/arm-none-eabi/13.2.1/thumb/v7-m/nofp/crtbegin.o
 .text.__do_global_dtors_aux
                0x0800014c       0x28 /Applications/ArmGNUToolchain/13.2.Rel1/arm-none-eabi/bin/../lib/gcc/arm-none-eabi/13.2.1/thumb/v7-m/nofp/crtbegin.o
 .text.frame_dummy
                0x08000174       0x24 /Applications/ArmGNUToolchain/13.2.Rel1/arm-none-eabi/bin/../lib/gcc/arm-none-eabi/13.2.1/thumb/v7-m/nofp/crtbegin.o
 .text.MX_GPIO_Init
                0x08000198       0x30 build/main.o
 .text.Error_Handler
                0x080001c8        0x4 build/main.o
                0x080001c8                Error_Handler
 .text.SystemClock_Config
                0x080001cc       0x82 build/main.o
                0x080001cc                SystemClock_Config
 .text.main     0x0800024e       0x14 build/main.o
                0x0800024e                main
 .text.NMI_Handler
                0x08000262        0x2 build/stm32f1xx_it.o
                0x08000262                NMI_Handler
 .text.HardFault_Handler
                0x08000264        0x2 build/stm32f1xx_it.o
                0x08000264                HardFault_Handler
 .text.MemManage_Handler
                0x08000266        0x2 build/stm32f1xx_it.o
                0x08000266                MemManage_Handler
 .text.BusFault_Handler
                0x08000268        0x2 build/stm32f1xx_it.o
                0x08000268                BusFault_Handler
 .text.UsageFault_Handler
                0x0800026a        0x2 build/stm32f1xx_it.o
                0x0800026a                UsageFault_Handler
 .text.SVC_Handler
                0x0800026c        0x2 build/stm32f1xx_it.o
                0x0800026c                SVC_Handler
 .text.DebugMon_Handler
                0x0800026e        0x2 build/stm32f1xx_it.o
                0x0800026e                DebugMon_Handler
 .text.PendSV_Handler
                0x08000270        0x2 build/stm32f1xx_it.o
                0x08000270                PendSV_Handler
 .text.SysTick_Handler
                0x08000272        0x8 build/stm32f1xx_it.o
                0x08000272                SysTick_Handler
 *fill*         0x0800027a        0x2 
 .text.USB_LP_CAN1_RX0_IRQHandler
                0x0800027c       0x10 build/stm32f1xx_it.o
                0x0800027c                USB_LP_CAN1_RX0_IRQHandler
 .text.HAL_MspInit
                0x0800028c       0x44 build/stm32f1xx_hal_msp.o
                0x0800028c                HAL_MspInit
 .text.MX_USB_DEVICE_Init
                0x080002d0       0x54 build/usb_device.o
                0x080002d0                MX_USB_DEVICE_Init
 .text.USBD_FS_DeviceDescriptor
                0x08000324        0xc build/usbd_desc.o
                0x08000324                USBD_FS_DeviceDescriptor
 .text.USBD_FS_LangIDStrDescriptor
                0x08000330        0xc build/usbd_desc.o
                0x08000330                USBD_FS_LangIDStrDescriptor
 .text.IntToUnicode
                0x0800033c       0x46 build/usbd_desc.o
 *fill*         0x08000382        0x2 
 .text.Get_SerialNum
                0x08000384       0x38 build/usbd_desc.o
 .text.USBD_FS_SerialStrDescriptor
                0x080003bc       0x14 build/usbd_desc.o
                0x080003bc                USBD_FS_SerialStrDescriptor
 .text.USBD_FS_ProductStrDescriptor
                0x080003d0       0x24 build/usbd_desc.o
                0x080003d0                USBD_FS_ProductStrDescriptor
 .text.USBD_FS_ManufacturerStrDescriptor
                0x080003f4       0x1c build/usbd_desc.o
                0x080003f4                USBD_FS_ManufacturerStrDescriptor
 .text.USBD_FS_ConfigStrDescriptor
                0x08000410       0x24 build/usbd_desc.o
                0x08000410                USBD_FS_ConfigStrDescriptor
 .text.USBD_FS_InterfaceStrDescriptor
                0x08000434       0x24 build/usbd_desc.o
                0x08000434                USBD_FS_InterfaceStrDescriptor
 .text.CUSTOM_HID_Init_FS
                0x08000458        0x4 build/usbd_custom_hid_if.o
 .text.CUSTOM_HID_DeInit_FS
                0x0800045c        0x4 build/usbd_custom_hid_if.o
 .text.CUSTOM_HID_OutEvent_FS
                0x08000460        0x4 build/usbd_custom_hid_if.o
 .text.USBD_Get_USB_Status
                0x08000464       0x14 build/usbd_conf.o
 .text.HAL_PCD_MspInit
                0x08000478       0x40 build/usbd_conf.o
                0x08000478                HAL_PCD_MspInit
 .text.HAL_PCD_SetupStageCallback
                0x080004b8       0x10 build/usbd_conf.o
                0x080004b8                HAL_PCD_SetupStageCallback
 .text.HAL_PCD_DataOutStageCallback
                0x080004c8       0x18 build/usbd_conf.o
                0x080004c8                HAL_PCD_DataOutStageCallback
 .text.HAL_PCD_DataInStageCallback
                0x080004e0       0x16 build/usbd_conf.o
                0x080004e0                HAL_PCD_DataInStageCallback
 .text.HAL_PCD_SOFCallback
                0x080004f6        0xc build/usbd_conf.o
                0x080004f6                HAL_PCD_SOFCallback
 .text.HAL_PCD_ResetCallback
                0x08000502       0x24 build/usbd_conf.o
                0x08000502                HAL_PCD_ResetCallback
 *fill*         0x08000526        0x2 
 .text.HAL_PCD_SuspendCallback
                0x08000528       0x20 build/usbd_conf.o
                0x08000528                HAL_PCD_SuspendCallback
 .text.HAL_PCD_ResumeCallback
                0x08000548        0xc build/usbd_conf.o
                0x08000548                HAL_PCD_ResumeCallback
 .text.USBD_LL_Init
                0x08000554       0x74 build/usbd_conf.o
                0x08000554                USBD_LL_Init
 .text.USBD_LL_Start
                0x080005c8       0x10 build/usbd_conf.o
                0x080005c8                USBD_LL_Start
 .text.USBD_LL_OpenEP
                0x080005d8       0x16 build/usbd_conf.o
                0x080005d8                USBD_LL_OpenEP
 .text.USBD_LL_CloseEP
                0x080005ee       0x10 build/usbd_conf.o
                0x080005ee                USBD_LL_CloseEP
 .text.USBD_LL_StallEP
                0x080005fe       0x10 build/usbd_conf.o
                0x080005fe                USBD_LL_StallEP
 .text.USBD_LL_ClearStallEP
                0x0800060e       0x10 build/usbd_conf.o
                0x0800060e                USBD_LL_ClearStallEP
 .text.USBD_LL_IsStallEP
                0x0800061e       0x2c build/usbd_conf.o
                0x0800061e                USBD_LL_IsStallEP
 .text.USBD_LL_SetUSBAddress
                0x0800064a       0x10 build/usbd_conf.o
                0x0800064a                USBD_LL_SetUSBAddress
 .text.USBD_LL_Transmit
                0x0800065a       0x10 build/usbd_conf.o
                0x0800065a                USBD_LL_Transmit
 .text.USBD_LL_PrepareReceive
                0x0800066a       0x10 build/usbd_conf.o
                0x0800066a                USBD_LL_PrepareReceive
 *fill*         0x0800067a        0x2 
 .text.USBD_static_malloc
                0x0800067c        0x8 build/usbd_conf.o
                0x0800067c                USBD_static_malloc
 .text.USBD_static_free
                0x08000684        0x2 build/usbd_conf.o
                0x08000684                USBD_static_free
 .text.HAL_PCDEx_SetConnectionState
                0x08000686        0x2 build/usbd_conf.o
                0x08000686                HAL_PCDEx_SetConnectionState
 .text.HAL_PCD_EP_DB_Receive
                0x08000688      0x11c build/stm32f1xx_hal_pcd.o
 .text.HAL_PCD_Init
                0x080007a4       0xe8 build/stm32f1xx_hal_pcd.o
                0x080007a4                HAL_PCD_Init
 .text.HAL_PCD_Start
                0x0800088c       0x32 build/stm32f1xx_hal_pcd.o
                0x0800088c                HAL_PCD_Start
 .text.HAL_PCD_EP_DB_Transmit
                0x080008be      0x424 build/stm32f1xx_hal_pcd.o
 .text.PCD_EP_ISR_Handler
                0x08000ce2      0x554 build/stm32f1xx_hal_pcd.o
 .text.HAL_PCD_SetAddress
                0x08001236       0x26 build/stm32f1xx_hal_pcd.o
                0x08001236                HAL_PCD_SetAddress
 .text.HAL_PCD_IRQHandler
                0x0800125c      0x1b0 build/stm32f1xx_hal_pcd.o
                0x0800125c                HAL_PCD_IRQHandler
 .text.HAL_PCD_EP_Open
                0x0800140c       0x84 build/stm32f1xx_hal_pcd.o
                0x0800140c                HAL_PCD_EP_Open
 .text.HAL_PCD_EP_Close
                0x08001490       0x6c build/stm32f1xx_hal_pcd.o
                0x08001490                HAL_PCD_EP_Close
 .text.HAL_PCD_EP_Receive
                0x080014fc       0x3a build/stm32f1xx_hal_pcd.o
                0x080014fc                HAL_PCD_EP_Receive
 .text.HAL_PCD_EP_Transmit
                0x08001536       0x4c build/stm32f1xx_hal_pcd.o
                0x08001536                HAL_PCD_EP_Transmit
 .text.HAL_PCD_EP_SetStall
                0x08001582       0x80 build/stm32f1xx_hal_pcd.o
                0x08001582                HAL_PCD_EP_SetStall
 .text.HAL_PCD_EP_ClrStall
                0x08001602       0x7e build/stm32f1xx_hal_pcd.o
                0x08001602                HAL_PCD_EP_ClrStall
 .text.HAL_PCDEx_PMAConfig
                0x08001680       0x38 build/stm32f1xx_hal_pcd_ex.o
                0x08001680                HAL_PCDEx_PMAConfig
 .text.USB_CoreInit
                0x080016b8        0xe build/stm32f1xx_ll_usb.o
                0x080016b8                USB_CoreInit
 .text.USB_EnableGlobalInt
                0x080016c6       0x12 build/stm32f1xx_ll_usb.o
                0x080016c6                USB_EnableGlobalInt
 .text.USB_DisableGlobalInt
                0x080016d8       0x14 build/stm32f1xx_ll_usb.o
                0x080016d8                USB_DisableGlobalInt
 .text.USB_SetCurrentMode
                0x080016ec        0x4 build/stm32f1xx_ll_usb.o
                0x080016ec                USB_SetCurrentMode
 .text.USB_DevInit
                0x080016f0       0x22 build/stm32f1xx_ll_usb.o
                0x080016f0                USB_DevInit
 .text.USB_ActivateEndpoint
                0x08001712      0x3ca build/stm32f1xx_ll_usb.o
                0x08001712                USB_ActivateEndpoint
 .text.USB_DeactivateEndpoint
                0x08001adc      0x1d6 build/stm32f1xx_ll_usb.o
                0x08001adc                USB_DeactivateEndpoint
 .text.USB_EPSetStall
                0x08001cb2       0x4a build/stm32f1xx_ll_usb.o
                0x08001cb2                USB_EPSetStall
 .text.USB_EPClearStall
                0x08001cfc       0xa2 build/stm32f1xx_ll_usb.o
                0x08001cfc                USB_EPClearStall
 .text.USB_SetDevAddress
                0x08001d9e        0xc build/stm32f1xx_ll_usb.o
                0x08001d9e                USB_SetDevAddress
 .text.USB_DevConnect
                0x08001daa        0x4 build/stm32f1xx_ll_usb.o
                0x08001daa                USB_DevConnect
 .text.USB_DevDisconnect
                0x08001dae        0x4 build/stm32f1xx_ll_usb.o
                0x08001dae                USB_DevDisconnect
 .text.USB_ReadInterrupts
                0x08001db2        0x8 build/stm32f1xx_ll_usb.o
                0x08001db2                USB_ReadInterrupts
 .text.USB_EP0_OutStart
                0x08001dba        0x4 build/stm32f1xx_ll_usb.o
                0x08001dba                USB_EP0_OutStart
 .text.USB_WritePMA
                0x08001dbe       0x26 build/stm32f1xx_ll_usb.o
                0x08001dbe                USB_WritePMA
 .text.USB_EPStartXfer
                0x08001de4      0x7ce build/stm32f1xx_ll_usb.o
                0x08001de4                USB_EPStartXfer
 .text.USB_ReadPMA
                0x080025b2       0x30 build/stm32f1xx_ll_usb.o
                0x080025b2                USB_ReadPMA
 *fill*         0x080025e2        0x2 
 .text.HAL_InitTick
                0x080025e4       0x4c build/stm32f1xx_hal.o
                0x080025e4                HAL_InitTick
 .text.HAL_Init
                0x08002630       0x24 build/stm32f1xx_hal.o
                0x08002630                HAL_Init
 .text.HAL_IncTick
                0x08002654       0x18 build/stm32f1xx_hal.o
                0x08002654                HAL_IncTick
 .text.HAL_GetTick
                0x0800266c        0xc build/stm32f1xx_hal.o
                0x0800266c                HAL_GetTick
 .text.RCC_Delay
                0x08002678       0x2c build/stm32f1xx_hal_rcc.o
 .text.HAL_RCC_OscConfig
                0x080026a4      0x410 build/stm32f1xx_hal_rcc.o
                0x080026a4                HAL_RCC_OscConfig
 .text.HAL_RCC_GetSysClockFreq
                0x08002ab4       0x54 build/stm32f1xx_hal_rcc.o
                0x08002ab4                HAL_RCC_GetSysClockFreq
 .text.HAL_RCC_ClockConfig
                0x08002b08      0x16c build/stm32f1xx_hal_rcc.o
                0x08002b08                HAL_RCC_ClockConfig
 .text.HAL_RCCEx_PeriphCLKConfig
                0x08002c74      0x118 build/stm32f1xx_hal_rcc_ex.o
                0x08002c74                HAL_RCCEx_PeriphCLKConfig
 .text.__NVIC_SetPriority
                0x08002d8c       0x28 build/stm32f1xx_hal_cortex.o
 .text.NVIC_EncodePriority
                0x08002db4       0x3e build/stm32f1xx_hal_cortex.o
 *fill*         0x08002df2        0x2 
 .text.HAL_NVIC_SetPriorityGrouping
                0x08002df4       0x24 build/stm32f1xx_hal_cortex.o
                0x08002df4                HAL_NVIC_SetPriorityGrouping
 .text.HAL_NVIC_SetPriority
                0x08002e18       0x20 build/stm32f1xx_hal_cortex.o
                0x08002e18                HAL_NVIC_SetPriority
 .text.HAL_NVIC_EnableIRQ
                0x08002e38       0x1c build/stm32f1xx_hal_cortex.o
                0x08002e38                HAL_NVIC_EnableIRQ
 .text.HAL_SYSTICK_Config
                0x08002e54       0x28 build/stm32f1xx_hal_cortex.o
                0x08002e54                HAL_SYSTICK_Config
 .text.SystemInit
                0x08002e7c        0x2 build/system_stm32f1xx.o
                0x08002e7c                SystemInit
 .text.USBD_Init
                0x08002e7e       0x2e build/usbd_core.o
                0x08002e7e                USBD_Init
 .text.USBD_RegisterClass
                0x08002eac        0xe build/usbd_core.o
                0x08002eac                USBD_RegisterClass
 .text.USBD_Start
                0x08002eba        0xa build/usbd_core.o
                0x08002eba                USBD_Start
 .text.USBD_SetClassConfig
                0x08002ec4       0x18 build/usbd_core.o
                0x08002ec4                USBD_SetClassConfig
 .text.USBD_ClrClassConfig
                0x08002edc        0xe build/usbd_core.o
                0x08002edc                USBD_ClrClassConfig
 .text.USBD_LL_SetupStage
                0x08002eea       0x5a build/usbd_core.o
                0x08002eea                USBD_LL_SetupStage
 .text.USBD_LL_DataOutStage
                0x08002f44       0x8c build/usbd_core.o
                0x08002f44                USBD_LL_DataOutStage
 .text.USBD_LL_DataInStage
                0x08002fd0       0xd0 build/usbd_core.o
                0x08002fd0                USBD_LL_DataInStage
 .text.USBD_LL_Reset
                0x080030a0       0x50 build/usbd_core.o
                0x080030a0                USBD_LL_Reset
 .text.USBD_LL_SetSpeed
                0x080030f0        0x6 build/usbd_core.o
                0x080030f0                USBD_LL_SetSpeed
 .text.USBD_LL_Suspend
                0x080030f6       0x12 build/usbd_core.o
                0x080030f6                USBD_LL_Suspend
 .text.USBD_LL_Resume
                0x08003108       0x16 build/usbd_core.o
                0x08003108                USBD_LL_Resume
 .text.USBD_LL_SOF
                0x0800311e       0x1c build/usbd_core.o
                0x0800311e                USBD_LL_SOF
 .text.USBD_GetLen
                0x0800313a       0x14 build/usbd_ctlreq.o
 .text.USBD_SetFeature
                0x0800314e       0x14 build/usbd_ctlreq.o
 .text.USBD_ParseSetupRequest
                0x08003162       0x28 build/usbd_ctlreq.o
                0x08003162                USBD_ParseSetupRequest
 .text.USBD_CtlError
                0x0800318a       0x14 build/usbd_ctlreq.o
                0x0800318a                USBD_CtlError
 .text.USBD_GetDescriptor
                0x0800319e      0x186 build/usbd_ctlreq.o
 .text.USBD_SetAddress
                0x08003324       0x4e build/usbd_ctlreq.o
 *fill*         0x08003372        0x2 
 .text.USBD_SetConfig
                0x08003374       0xb0 build/usbd_ctlreq.o
 .text.USBD_GetConfig
                0x08003424       0x3e build/usbd_ctlreq.o
 .text.USBD_GetStatus
                0x08003462       0x38 build/usbd_ctlreq.o
 .text.USBD_ClrFeature
                0x0800349a       0x26 build/usbd_ctlreq.o
 .text.USBD_StdDevReq
                0x080034c0       0x68 build/usbd_ctlreq.o
                0x080034c0                USBD_StdDevReq
 .text.USBD_StdItfReq
                0x08003528       0x60 build/usbd_ctlreq.o
                0x08003528                USBD_StdItfReq
 .text.USBD_StdEPReq
                0x08003588      0x1e2 build/usbd_ctlreq.o
                0x08003588                USBD_StdEPReq
 .text.USBD_GetString
                0x0800376a       0x3a build/usbd_ctlreq.o
                0x0800376a                USBD_GetString
 .text.USBD_CtlSendData
                0x080037a4       0x1a build/usbd_ioreq.o
                0x080037a4                USBD_CtlSendData
 .text.USBD_CtlContinueSendData
                0x080037be       0x10 build/usbd_ioreq.o
                0x080037be                USBD_CtlContinueSendData
 .text.USBD_CtlPrepareRx
                0x080037ce       0x1e build/usbd_ioreq.o
                0x080037ce                USBD_CtlPrepareRx
 .text.USBD_CtlContinueRx
                0x080037ec       0x10 build/usbd_ioreq.o
                0x080037ec                USBD_CtlContinueRx
 .text.USBD_CtlSendStatus
                0x080037fc       0x16 build/usbd_ioreq.o
                0x080037fc                USBD_CtlSendStatus
 .text.USBD_CtlReceiveStatus
                0x08003812       0x16 build/usbd_ioreq.o
                0x08003812                USBD_CtlReceiveStatus
 .text.USBD_CUSTOM_HID_GetFSCfgDesc
                0x08003828        0xc build/usbd_customhid.o
 .text.USBD_CUSTOM_HID_GetHSCfgDesc
                0x08003834        0xc build/usbd_customhid.o
 .text.USBD_CUSTOM_HID_GetOtherSpeedCfgDesc
                0x08003840        0xc build/usbd_customhid.o
 .text.USBD_CUSTOM_HID_DataIn
                0x0800384c        0xa build/usbd_customhid.o
 .text.USBD_CUSTOM_HID_EP0_RxReady
                0x08003856       0x22 build/usbd_customhid.o
 .text.USBD_CUSTOM_HID_GetDeviceQualifierDesc
                0x08003878        0xc build/usbd_customhid.o
 .text.USBD_CUSTOM_HID_DataOut
                0x08003884       0x24 build/usbd_customhid.o
 .text.USBD_CUSTOM_HID_Setup
                0x080038a8      0x128 build/usbd_customhid.o
 .text.USBD_CUSTOM_HID_DeInit
                0x080039d0       0x38 build/usbd_customhid.o
 .text.USBD_CUSTOM_HID_Init
                0x08003a08       0x50 build/usbd_customhid.o
 .text.USBD_CUSTOM_HID_RegisterInterface
                0x08003a58        0xe build/usbd_customhid.o
                0x08003a58                USBD_CUSTOM_HID_RegisterInterface
 *fill*         0x08003a66        0x2 
 .text.Reset_Handler
                0x08003a68       0x48 build/startup_stm32f103x6.o
                0x08003a68                Reset_Handler
 .text.Default_Handler
                0x08003ab0        0x2 build/startup_stm32f103x6.o
                0x08003ab0                USBWakeUp_IRQHandler
                0x08003ab0                EXTI2_IRQHandler
                0x08003ab0                TIM1_CC_IRQHandler
                0x08003ab0                PVD_IRQHandler
                0x08003ab0                EXTI3_IRQHandler
                0x08003ab0                EXTI0_IRQHandler
                0x08003ab0                ADC1_2_IRQHandler
                0x08003ab0                SPI1_IRQHandler
                0x08003ab0                TAMPER_IRQHandler
                0x08003ab0                DMA1_Channel4_IRQHandler
                0x08003ab0                RTC_IRQHandler
                0x08003ab0                DMA1_Channel7_IRQHandler
                0x08003ab0                CAN1_RX1_IRQHandler
                0x08003ab0                I2C1_EV_IRQHandler
                0x08003ab0                DMA1_Channel6_IRQHandler
                0x08003ab0                TIM3_IRQHandler
                0x08003ab0                RCC_IRQHandler
                0x08003ab0                TIM1_TRG_COM_IRQHandler
                0x08003ab0                DMA1_Channel1_IRQHandler
                0x08003ab0                Default_Handler
                0x08003ab0                EXTI15_10_IRQHandler
                0x08003ab0                EXTI9_5_IRQHandler
                0x08003ab0                DMA1_Channel5_IRQHandler
                0x08003ab0                EXTI4_IRQHandler
                0x08003ab0                USB_HP_CAN1_TX_IRQHandler
                0x08003ab0                DMA1_Channel3_IRQHandler
                0x08003ab0                TIM1_UP_IRQHandler
                0x08003ab0                WWDG_IRQHandler
                0x08003ab0                TIM2_IRQHandler
                0x08003ab0                TIM1_BRK_IRQHandler
                0x08003ab0                EXTI1_IRQHandler
                0x08003ab0                USART2_IRQHandler
                0x08003ab0                DMA1_Channel2_IRQHandler
                0x08003ab0                CAN1_SCE_IRQHandler
                0x08003ab0                FLASH_IRQHandler
                0x08003ab0                USART1_IRQHandler
                0x08003ab0                I2C1_ER_IRQHandler
                0x08003ab0                RTC_Alarm_IRQHandler
 .text.memset   0x08003ab2       0x10 /Applications/ArmGNUToolchain/13.2.Rel1/arm-none-eabi/bin/../lib/gcc/arm-none-eabi/13.2.1/../../../../arm-none-eabi/lib/thumb/v7-m/nofp/libc_nano.a(libc_a-memset.o)
                0x08003ab2                memset
 *fill*         0x08003ac2        0x2 
 .text.__libc_init_array
                0x08003ac4       0x48 /Applications/ArmGNUToolchain/13.2.Rel1/arm-none-eabi/bin/../lib/gcc/arm-none-eabi/13.2.1/../../../../arm-none-eabi/lib/thumb/v7-m/nofp/libc_nano.a(libc_a-init.o)
                0x08003ac4                __libc_init_array
 *(.glue_7)
 .glue_7        0x08003b0c        0x0 linker stubs
 *(.glue_7t)
 .glue_7t       0x08003b0c        0x0 linker stubs
 *(.eh_frame)
 .eh_frame      0x08003b0c        0x0 /Applications/ArmGNUToolchain/13.2.Rel1/arm-none-eabi/bin/../lib/gcc/arm-none-eabi/13.2.1/thumb/v7-m/nofp/crtbegin.o
 *(.init)
 .init          0x08003b0c        0x4 /Applications/ArmGNUToolchain/13.2.Rel1/arm-none-eabi/bin/../lib/gcc/arm-none-eabi/13.2.1/thumb/v7-m/nofp/crti.o
                0x08003b0c                _init
 .init          0x08003b10        0x8 /Applications/ArmGNUToolchain/13.2.Rel1/arm-none-eabi/bin/../lib/gcc/arm-none-eabi/13.2.1/thumb/v7-m/nofp/crtn.o
 *(.fini)
 .fini          0x08003b18        0x4 /Applications/ArmGNUToolchain/13.2.Rel1/arm-none-eabi/bin/../lib/gcc/arm-none-eabi/13.2.1/thumb/v7-m/nofp/crti.o
                0x08003b18                _fini
 .fini          0x08003b1c        0x8 /Applications/ArmGNUToolchain/13.2.Rel1/arm-none-eabi/bin/../lib/gcc/arm-none-eabi/13.2.1/thumb/v7-m/nofp/crtn.o
                0x08003b24                        . = ALIGN (0x4)
                0x08003b24                        _etext = .

.vfp11_veneer   0x08003b24        0x0
 .vfp11_veneer  0x08003b24        0x0 linker stubs

.v4_bx          0x08003b24        0x0
 .v4_bx         0x08003b24        0x0 linker stubs

.iplt           0x08003b24        0x0
 .iplt          0x08003b24        0x0 /Applications/ArmGNUToolchain/13.2.Rel1/arm-none-eabi/bin/../lib/gcc/arm-none-eabi/13.2.1/thumb/v7-m/nofp/crtbegin.o

.rodata         0x08003b24       0x84
                0x08003b24                        . = ALIGN (0x4)
 *(.rodata)
 *(.rodata*)
 .rodata.USBD_FS_ProductStrDescriptor.str1.4
                0x08003b24       0x5d build/usbd_desc.o
                                 0x1d (size before relaxing)
 .rodata.USBD_FS_ManufacturerStrDescriptor.str1.4
                0x08003b81       0x13 build/usbd_desc.o
 .rodata.USBD_FS_ConfigStrDescriptor.str1.4
                0x08003b81       0x12 build/usbd_desc.o
 .rodata.USBD_FS_InterfaceStrDescriptor.str1.4
                0x08003b81       0x15 build/usbd_desc.o
 *fill*         0x08003b81        0x3 
 .rodata.aPredivFactorTable.0
                0x08003b84        0x2 build/stm32f1xx_hal_rcc.o
 *fill*         0x08003b86        0x2 
 .rodata.aPLLMULFactorTable.1
                0x08003b88       0x10 build/stm32f1xx_hal_rcc.o
 .rodata.AHBPrescTable
                0x08003b98       0x10 build/system_stm32f1xx.o
                0x08003b98                AHBPrescTable
                0x08003ba8                        . = ALIGN (0x4)

.rel.dyn        0x08003ba8        0x0
 .rel.iplt      0x08003ba8        0x0 /Applications/ArmGNUToolchain/13.2.Rel1/arm-none-eabi/bin/../lib/gcc/arm-none-eabi/13.2.1/thumb/v7-m/nofp/crtbegin.o

.ARM.extab
 *(.ARM.extab* .gnu.linkonce.armextab.*)

.ARM            0x08003ba8        0x0
                0x08003ba8                        __exidx_start = .
 *(.ARM.exidx*)
                0x08003ba8                        __exidx_end = .

.preinit_array  0x08003ba8        0x0
                0x08003ba8                        PROVIDE (__preinit_array_start = .)
 *(.preinit_array*)
                0x08003ba8                        PROVIDE (__preinit_array_end = .)

.init_array     0x08003ba8        0x4
                0x08003ba8                        PROVIDE (__init_array_start = .)
 *(SORT_BY_NAME(.init_array.*))
 *(.init_array*)
 .init_array    0x08003ba8        0x4 /Applications/ArmGNUToolchain/13.2.Rel1/arm-none-eabi/bin/../lib/gcc/arm-none-eabi/13.2.1/thumb/v7-m/nofp/crtbegin.o
                0x08003bac                        PROVIDE (__init_array_end = .)

.fini_array     0x08003bac        0x4
                [!provide]                        PROVIDE (__fini_array_start = .)
 *(SORT_BY_NAME(.fini_array.*))
 *(.fini_array*)
 .fini_array    0x08003bac        0x4 /Applications/ArmGNUToolchain/13.2.Rel1/arm-none-eabi/bin/../lib/gcc/arm-none-eabi/13.2.1/thumb/v7-m/nofp/crtbegin.o
                [!provide]                        PROVIDE (__fini_array_end = .)
                0x08003bb0                        _sidata = LOADADDR (.data)

.data           0x20000000      0x140 load address 0x08003bb0
                0x20000000                        . = ALIGN (0x4)
                0x20000000                        _sdata = .
 *(.data)
 *(.data*)
 .data.USBD_StringSerial
                0x20000000       0x1a build/usbd_desc.o
                0x20000000                USBD_StringSerial
 *fill*         0x2000001a        0x2 
 .data.USBD_LangIDDesc
                0x2000001c        0x4 build/usbd_desc.o
                0x2000001c                USBD_LangIDDesc
 .data.USBD_FS_DeviceDesc
                0x20000020       0x12 build/usbd_desc.o
                0x20000020                USBD_FS_DeviceDesc
 *fill*         0x20000032        0x2 
 .data.FS_Desc  0x20000034       0x1c build/usbd_desc.o
                0x20000034                FS_Desc
 .data.USBD_CustomHID_fops_FS
                0x20000050       0x10 build/usbd_custom_hid_if.o
                0x20000050                USBD_CustomHID_fops_FS
 .data.CUSTOM_HID_ReportDesc_FS
                0x20000060        0x3 build/usbd_custom_hid_if.o
 .data.uwTickFreq
                0x20000063        0x1 build/stm32f1xx_hal.o
                0x20000063                uwTickFreq
 .data.uwTickPrio
                0x20000064        0x4 build/stm32f1xx_hal.o
                0x20000064                uwTickPrio
 .data.SystemCoreClock
                0x20000068        0x4 build/system_stm32f1xx.o
                0x20000068                SystemCoreClock
 .data.USBD_CUSTOM_HID_DeviceQualifierDesc
                0x2000006c        0xa build/usbd_customhid.o
 *fill*         0x20000076        0x2 
 .data.USBD_CUSTOM_HID_Desc
                0x20000078        0x9 build/usbd_customhid.o
 *fill*         0x20000081        0x3 
 .data.USBD_CUSTOM_HID_OtherSpeedCfgDesc
                0x20000084       0x29 build/usbd_customhid.o
 *fill*         0x200000ad        0x3 
 .data.USBD_CUSTOM_HID_CfgHSDesc
                0x200000b0       0x29 build/usbd_customhid.o
 *fill*         0x200000d9        0x3 
 .data.USBD_CUSTOM_HID_CfgFSDesc
                0x200000dc       0x29 build/usbd_customhid.o
 *fill*         0x20000105        0x3 
 .data.USBD_CUSTOM_HID
                0x20000108       0x38 build/usbd_customhid.o
                0x20000108                USBD_CUSTOM_HID
                0x20000140                        . = ALIGN (0x4)
                0x20000140                        _edata = .

.tm_clone_table
                0x20000140        0x0 load address 0x08003cf0
 .tm_clone_table
                0x20000140        0x0 /Applications/ArmGNUToolchain/13.2.Rel1/arm-none-eabi/bin/../lib/gcc/arm-none-eabi/13.2.1/thumb/v7-m/nofp/crtbegin.o
 .tm_clone_table
                0x20000140        0x0 /Applications/ArmGNUToolchain/13.2.Rel1/arm-none-eabi/bin/../lib/gcc/arm-none-eabi/13.2.1/thumb/v7-m/nofp/crtend.o

.igot.plt       0x20000140        0x0 load address 0x08003cf0
 .igot.plt      0x20000140        0x0 /Applications/ArmGNUToolchain/13.2.Rel1/arm-none-eabi/bin/../lib/gcc/arm-none-eabi/13.2.1/thumb/v7-m/nofp/crtbegin.o
                0x20000140                        . = ALIGN (0x4)

.bss            0x20000140      0x7e0 load address 0x08003cf0
                0x20000140                        _sbss = .
                0x20000140                        __bss_start__ = _sbss
 *(.bss)
 *(.bss*)
 .bss.completed.1
                0x20000140        0x1 /Applications/ArmGNUToolchain/13.2.Rel1/arm-none-eabi/bin/../lib/gcc/arm-none-eabi/13.2.1/thumb/v7-m/nofp/crtbegin.o
 *fill*         0x20000141        0x3 
 .bss.object.0  0x20000144       0x18 /Applications/ArmGNUToolchain/13.2.Rel1/arm-none-eabi/bin/../lib/gcc/arm-none-eabi/13.2.1/thumb/v7-m/nofp/crtbegin.o
 .bss.hUsbDeviceFS
                0x2000015c      0x2c4 build/usb_device.o
                0x2000015c                hUsbDeviceFS
 .bss.USBD_StrDesc
                0x20000420      0x200 build/usbd_desc.o
                0x20000420                USBD_StrDesc
 .bss.mem.0     0x20000620       0x20 build/usbd_conf.o
 .bss.hpcd_USB_FS
                0x20000640      0x2d8 build/usbd_conf.o
                0x20000640                hpcd_USB_FS
 .bss.uwTick    0x20000918        0x4 build/stm32f1xx_hal.o
                0x20000918                uwTick
 .bss.cfgidx.0  0x2000091c        0x1 build/usbd_ctlreq.o
 *(COMMON)
                0x20000920                        . = ALIGN (0x4)
 *fill*         0x2000091d        0x3 
                0x20000920                        _ebss = .
                0x20000920                        __bss_end__ = _ebss

._user_heap_stack
                0x20000920      0x600 load address 0x08003cf0
                0x20000920                        . = ALIGN (0x8)
                [!provide]                        PROVIDE (end = .)
                0x20000920                        PROVIDE (_end = .)
                0x20000b20                        . = (. + _Min_Heap_Size)
 *fill*         0x20000920      0x200 
                0x20000f20                        . = (. + _Min_Stack_Size)
 *fill*         0x20000b20      0x400 
                0x20000f20                        . = ALIGN (0x8)

/DISCARD/
 libc.a(*)
 libm.a(*)
 libgcc.a(*)

.ARM.attributes
                0x00000000       0x29
 *(.ARM.attributes)
 .ARM.attributes
                0x00000000       0x1d /Applications/ArmGNUToolchain/13.2.Rel1/arm-none-eabi/bin/../lib/gcc/arm-none-eabi/13.2.1/thumb/v7-m/nofp/crti.o
 .ARM.attributes
                0x0000001d       0x2d /Applications/ArmGNUToolchain/13.2.Rel1/arm-none-eabi/bin/../lib/gcc/arm-none-eabi/13.2.1/thumb/v7-m/nofp/crtbegin.o
 .ARM.attributes
                0x0000004a       0x2d build/main.o
 .ARM.attributes
                0x00000077       0x2d build/stm32f1xx_it.o
 .ARM.attributes
                0x000000a4       0x2d build/stm32f1xx_hal_msp.o
 .ARM.attributes
                0x000000d1       0x2d build/usb_device.o
 .ARM.attributes
                0x000000fe       0x2d build/usbd_desc.o
 .ARM.attributes
                0x0000012b       0x2d build/usbd_custom_hid_if.o
 .ARM.attributes
                0x00000158       0x2d build/usbd_conf.o
 .ARM.attributes
                0x00000185       0x2d build/stm32f1xx_hal_pcd.o
 .ARM.attributes
                0x000001b2       0x2d build/stm32f1xx_hal_pcd_ex.o
 .ARM.attributes
                0x000001df       0x2d build/stm32f1xx_ll_usb.o
 .ARM.attributes
                0x0000020c       0x2d build/stm32f1xx_hal.o
 .ARM.attributes
                0x00000239       0x2d build/stm32f1xx_hal_rcc.o
 .ARM.attributes
                0x00000266       0x2d build/stm32f1xx_hal_rcc_ex.o
 .ARM.attributes
                0x00000293       0x2d build/stm32f1xx_hal_cortex.o
 .ARM.attributes
                0x000002c0       0x2d build/system_stm32f1xx.o
 .ARM.attributes
                0x000002ed       0x2d build/usbd_core.o
 .ARM.attributes
                0x0000031a       0x2d build/usbd_ctlreq.o
 .ARM.attributes
                0x00000347       0x2d build/usbd_ioreq.o
 .ARM.attributes
                0x00000374       0x2d build/usbd_customhid.o
 .ARM.attributes
                0x000003a1       0x21 build/startup_stm32f103x6.o
 .ARM.attributes
                0x000003c2       0x2d /Applications/ArmGNUToolchain/13.2.Rel1/arm-none-eabi/bin/../lib/gcc/arm-none-eabi/13.2.1/../../../../arm-none-eabi/lib/thumb/v7-m/nofp/libc_nano.a(libc_a-memset.o)
 .ARM.attributes
                0x000003ef       0x2d /Applications/ArmGNUToolchain/13.2.Rel1/arm-none-eabi/bin/../lib/gcc/arm-none-eabi/13.2.1/../../../../arm-none-eabi/lib/thumb/v7-m/nofp/libc_nano.a(libc_a-init.o)
 .ARM.attributes
                0x0000041c       0x2d /Applications/ArmGNUToolchain/13.2.Rel1/arm-none-eabi/bin/../lib/gcc/arm-none-eabi/13.2.1/thumb/v7-m/nofp/crtend.o
 .ARM.attributes
                0x00000449       0x1d /Applications/ArmGNUToolchain/13.2.Rel1/arm-none-eabi/bin/../lib/gcc/arm-none-eabi/13.2.1/thumb/v7-m/nofp/crtn.o
OUTPUT(build/USB-Setup.elf elf32-littlearm)
LOAD linker stubs
LOAD /Applications/ArmGNUToolchain/13.2.Rel1/arm-none-eabi/bin/../lib/gcc/arm-none-eabi/13.2.1/../../../../arm-none-eabi/lib/thumb/v7-m/nofp/libc.a
LOAD /Applications/ArmGNUToolchain/13.2.Rel1/arm-none-eabi/bin/../lib/gcc/arm-none-eabi/13.2.1/../../../../arm-none-eabi/lib/thumb/v7-m/nofp/libm.a
LOAD /Applications/ArmGNUToolchain/13.2.Rel1/arm-none-eabi/bin/../lib/gcc/arm-none-eabi/13.2.1/thumb/v7-m/nofp/libgcc.a

.debug_info     0x00000000     0xe4de
 .debug_info    0x00000000      0x534 build/main.o
 .debug_info    0x00000534      0x72c build/stm32f1xx_it.o
 .debug_info    0x00000c60      0x238 build/stm32f1xx_hal_msp.o
 .debug_info    0x00000e98      0x76c build/usb_device.o
 .debug_info    0x00001604      0x654 build/usbd_desc.o
 .debug_info    0x00001c58      0x203 build/usbd_custom_hid_if.o
 .debug_info    0x00001e5b     0x2022 build/usbd_conf.o
 .debug_info    0x00003e7d     0x1f87 build/stm32f1xx_hal_pcd.o
 .debug_info    0x00005e04      0x7c8 build/stm32f1xx_hal_pcd_ex.o
 .debug_info    0x000065cc     0x1d36 build/stm32f1xx_ll_usb.o
 .debug_info    0x00008302      0x862 build/stm32f1xx_hal.o
 .debug_info    0x00008b64      0xb10 build/stm32f1xx_hal_rcc.o
 .debug_info    0x00009674      0x47d build/stm32f1xx_hal_rcc_ex.o
 .debug_info    0x00009af1      0xe21 build/stm32f1xx_hal_cortex.o
 .debug_info    0x0000a912      0x26e build/system_stm32f1xx.o
 .debug_info    0x0000ab80      0xf97 build/usbd_core.o
 .debug_info    0x0000bb17     0x1203 build/usbd_ctlreq.o
 .debug_info    0x0000cd1a      0x946 build/usbd_ioreq.o
 .debug_info    0x0000d660      0xe4e build/usbd_customhid.o
 .debug_info    0x0000e4ae       0x30 build/startup_stm32f103x6.o

.debug_abbrev   0x00000000     0x29af
 .debug_abbrev  0x00000000      0x210 build/main.o
 .debug_abbrev  0x00000210      0x183 build/stm32f1xx_it.o
 .debug_abbrev  0x00000393       0xe7 build/stm32f1xx_hal_msp.o
 .debug_abbrev  0x0000047a      0x195 build/usb_device.o
 .debug_abbrev  0x0000060f      0x23c build/usbd_desc.o
 .debug_abbrev  0x0000084b      0x140 build/usbd_custom_hid_if.o
 .debug_abbrev  0x0000098b      0x33e build/usbd_conf.o
 .debug_abbrev  0x00000cc9      0x32d build/stm32f1xx_hal_pcd.o
 .debug_abbrev  0x00000ff6      0x184 build/stm32f1xx_hal_pcd_ex.o
 .debug_abbrev  0x0000117a      0x262 build/stm32f1xx_ll_usb.o
 .debug_abbrev  0x000013dc      0x232 build/stm32f1xx_hal.o
 .debug_abbrev  0x0000160e      0x2d6 build/stm32f1xx_hal_rcc.o
 .debug_abbrev  0x000018e4      0x1d4 build/stm32f1xx_hal_rcc_ex.o
 .debug_abbrev  0x00001ab8      0x3aa build/stm32f1xx_hal_cortex.o
 .debug_abbrev  0x00001e62      0x140 build/system_stm32f1xx.o
 .debug_abbrev  0x00001fa2      0x2ae build/usbd_core.o
 .debug_abbrev  0x00002250      0x2ec build/usbd_ctlreq.o
 .debug_abbrev  0x0000253c      0x18e build/usbd_ioreq.o
 .debug_abbrev  0x000026ca      0x2c8 build/usbd_customhid.o
 .debug_abbrev  0x00002992       0x1d build/startup_stm32f103x6.o

.debug_loc      0x00000000     0x97e9
 .debug_loc     0x00000000       0x92 build/main.o
 .debug_loc     0x00000092       0x40 build/stm32f1xx_it.o
 .debug_loc     0x000000d2       0x41 build/stm32f1xx_hal_msp.o
 .debug_loc     0x00000113       0x20 build/usb_device.o
 .debug_loc     0x00000133      0x4e7 build/usbd_desc.o
 .debug_loc     0x0000061a       0x2b build/usbd_custom_hid_if.o
 .debug_loc     0x00000645     0x105a build/usbd_conf.o
 .debug_loc     0x0000169f     0x1aa9 build/stm32f1xx_hal_pcd.o
 .debug_loc     0x00003148      0x15a build/stm32f1xx_hal_pcd_ex.o
 .debug_loc     0x000032a2     0x1b49 build/stm32f1xx_ll_usb.o
 .debug_loc     0x00004deb      0x1f9 build/stm32f1xx_hal.o
 .debug_loc     0x00004fe4      0x7c6 build/stm32f1xx_hal_rcc.o
 .debug_loc     0x000057aa      0x4a9 build/stm32f1xx_hal_rcc_ex.o
 .debug_loc     0x00005c53      0x8b4 build/stm32f1xx_hal_cortex.o
 .debug_loc     0x00006507      0x11b build/system_stm32f1xx.o
 .debug_loc     0x00006622      0xbaa build/usbd_core.o
 .debug_loc     0x000071cc     0x17db build/usbd_ctlreq.o
 .debug_loc     0x000089a7      0x3f8 build/usbd_ioreq.o
 .debug_loc     0x00008d9f      0xa4a build/usbd_customhid.o

.debug_aranges  0x00000000      0x9b0
 .debug_aranges
                0x00000000       0x38 build/main.o
 .debug_aranges
                0x00000038       0x68 build/stm32f1xx_it.o
 .debug_aranges
                0x000000a0       0x20 build/stm32f1xx_hal_msp.o
 .debug_aranges
                0x000000c0       0x20 build/usb_device.o
 .debug_aranges
                0x000000e0       0x60 build/usbd_desc.o
 .debug_aranges
                0x00000140       0x30 build/usbd_custom_hid_if.o
 .debug_aranges
                0x00000170      0x118 build/usbd_conf.o
 .debug_aranges
                0x00000288      0x140 build/stm32f1xx_hal_pcd.o
 .debug_aranges
                0x000003c8       0x38 build/stm32f1xx_hal_pcd_ex.o
 .debug_aranges
                0x00000400       0xf8 build/stm32f1xx_ll_usb.o
 .debug_aranges
                0x000004f8       0xe0 build/stm32f1xx_hal.o
 .debug_aranges
                0x000005d8       0x90 build/stm32f1xx_hal_rcc.o
 .debug_aranges
                0x00000668       0x30 build/stm32f1xx_hal_rcc_ex.o
 .debug_aranges
                0x00000698       0xc0 build/stm32f1xx_hal_cortex.o
 .debug_aranges
                0x00000758       0x28 build/system_stm32f1xx.o
 .debug_aranges
                0x00000780       0xb8 build/usbd_core.o
 .debug_aranges
                0x00000838       0x88 build/usbd_ctlreq.o
 .debug_aranges
                0x000008c0       0x50 build/usbd_ioreq.o
 .debug_aranges
                0x00000910       0x78 build/usbd_customhid.o
 .debug_aranges
                0x00000988       0x28 build/startup_stm32f103x6.o

.debug_ranges   0x00000000      0xbf8
 .debug_ranges  0x00000000       0x28 build/main.o
 .debug_ranges  0x00000028       0x58 build/stm32f1xx_it.o
 .debug_ranges  0x00000080       0x10 build/stm32f1xx_hal_msp.o
 .debug_ranges  0x00000090       0x10 build/usb_device.o
 .debug_ranges  0x000000a0       0x50 build/usbd_desc.o
 .debug_ranges  0x000000f0       0x20 build/usbd_custom_hid_if.o
 .debug_ranges  0x00000110      0x108 build/usbd_conf.o
 .debug_ranges  0x00000218      0x240 build/stm32f1xx_hal_pcd.o
 .debug_ranges  0x00000458       0x28 build/stm32f1xx_hal_pcd_ex.o
 .debug_ranges  0x00000480      0x320 build/stm32f1xx_ll_usb.o
 .debug_ranges  0x000007a0       0xd0 build/stm32f1xx_hal.o
 .debug_ranges  0x00000870       0xa0 build/stm32f1xx_hal_rcc.o
 .debug_ranges  0x00000910       0x38 build/stm32f1xx_hal_rcc_ex.o
 .debug_ranges  0x00000948       0xb0 build/stm32f1xx_hal_cortex.o
 .debug_ranges  0x000009f8       0x18 build/system_stm32f1xx.o
 .debug_ranges  0x00000a10       0xa8 build/usbd_core.o
 .debug_ranges  0x00000ab8       0x78 build/usbd_ctlreq.o
 .debug_ranges  0x00000b30       0x40 build/usbd_ioreq.o
 .debug_ranges  0x00000b70       0x68 build/usbd_customhid.o
 .debug_ranges  0x00000bd8       0x20 build/startup_stm32f103x6.o

.debug_line     0x00000000     0x81fc
 .debug_line    0x00000000      0x335 build/main.o
 .debug_line    0x00000335      0x29a build/stm32f1xx_it.o
 .debug_line    0x000005cf      0x166 build/stm32f1xx_hal_msp.o
 .debug_line    0x00000735      0x236 build/usb_device.o
 .debug_line    0x0000096b      0x33e build/usbd_desc.o
 .debug_line    0x00000ca9      0x1fc build/usbd_custom_hid_if.o
 .debug_line    0x00000ea5      0x7a6 build/usbd_conf.o
 .debug_line    0x0000164b     0x181e build/stm32f1xx_hal_pcd.o
 .debug_line    0x00002e69      0x27d build/stm32f1xx_hal_pcd_ex.o
 .debug_line    0x000030e6     0x1760 build/stm32f1xx_ll_usb.o
 .debug_line    0x00004846      0x518 build/stm32f1xx_hal.o
 .debug_line    0x00004d5e      0xc94 build/stm32f1xx_hal_rcc.o
 .debug_line    0x000059f2      0x494 build/stm32f1xx_hal_rcc_ex.o
 .debug_line    0x00005e86      0x691 build/stm32f1xx_hal_cortex.o
 .debug_line    0x00006517      0x22f build/system_stm32f1xx.o
 .debug_line    0x00006746      0x703 build/usbd_core.o
 .debug_line    0x00006e49      0xabc build/usbd_ctlreq.o
 .debug_line    0x00007905      0x28e build/usbd_ioreq.o
 .debug_line    0x00007b93      0x5f8 build/usbd_customhid.o
 .debug_line    0x0000818b       0x71 build/startup_stm32f103x6.o

.debug_str      0x00000000     0x2b4a
 .debug_str     0x00000000     0x2b4a build/main.o
                                0x425 (size before relaxing)
 .debug_str     0x00002b4a      0x5c5 build/stm32f1xx_it.o
 .debug_str     0x00002b4a      0x1f8 build/stm32f1xx_hal_msp.o
 .debug_str     0x00002b4a      0x64f build/usb_device.o
 .debug_str     0x00002b4a      0x42a build/usbd_desc.o
 .debug_str     0x00002b4a      0x27a build/usbd_custom_hid_if.o
 .debug_str     0x00002b4a     0x1150 build/usbd_conf.o
 .debug_str     0x00002b4a      0xafc build/stm32f1xx_hal_pcd.o
 .debug_str     0x00002b4a      0x6ac build/stm32f1xx_hal_pcd_ex.o
 .debug_str     0x00002b4a      0x6fe build/stm32f1xx_ll_usb.o
 .debug_str     0x00002b4a      0x7cd build/stm32f1xx_hal.o
 .debug_str     0x00002b4a      0x604 build/stm32f1xx_hal_rcc.o
 .debug_str     0x00002b4a      0x3ac build/stm32f1xx_hal_rcc_ex.o
 .debug_str     0x00002b4a      0x872 build/stm32f1xx_hal_cortex.o
 .debug_str     0x00002b4a      0x22d build/system_stm32f1xx.o
 .debug_str     0x00002b4a      0x80a build/usbd_core.o
 .debug_str     0x00002b4a      0x724 build/usbd_ctlreq.o
 .debug_str     0x00002b4a      0x651 build/usbd_ioreq.o
 .debug_str     0x00002b4a      0x936 build/usbd_customhid.o
 .debug_str     0x00002b4a       0x64 build/startup_stm32f103x6.o

.comment        0x00000000       0x44
 .comment       0x00000000       0x44 build/main.o
                                 0x45 (size before relaxing)
 .comment       0x00000044       0x45 build/stm32f1xx_it.o
 .comment       0x00000044       0x45 build/stm32f1xx_hal_msp.o
 .comment       0x00000044       0x45 build/usb_device.o
 .comment       0x00000044       0x45 build/usbd_desc.o
 .comment       0x00000044       0x45 build/usbd_custom_hid_if.o
 .comment       0x00000044       0x45 build/usbd_conf.o
 .comment       0x00000044       0x45 build/stm32f1xx_hal_pcd.o
 .comment       0x00000044       0x45 build/stm32f1xx_hal_pcd_ex.o
 .comment       0x00000044       0x45 build/stm32f1xx_ll_usb.o
 .comment       0x00000044       0x45 build/stm32f1xx_hal.o
 .comment       0x00000044       0x45 build/stm32f1xx_hal_rcc.o
 .comment       0x00000044       0x45 build/stm32f1xx_hal_rcc_ex.o
 .comment       0x00000044       0x45 build/stm32f1xx_hal_cortex.o
 .comment       0x00000044       0x45 build/system_stm32f1xx.o
 .comment       0x00000044       0x45 build/usbd_core.o
 .comment       0x00000044       0x45 build/usbd_ctlreq.o
 .comment       0x00000044       0x45 build/usbd_ioreq.o
 .comment       0x00000044       0x45 build/usbd_customhid.o

.debug_frame    0x00000000     0x1608
 .debug_frame   0x00000000       0x70 build/main.o
 .debug_frame   0x00000070       0xc0 build/stm32f1xx_it.o
 .debug_frame   0x00000130       0x28 build/stm32f1xx_hal_msp.o
 .debug_frame   0x00000158       0x28 build/usb_device.o
 .debug_frame   0x00000180       0xe0 build/usbd_desc.o
 .debug_frame   0x00000260       0x40 build/usbd_custom_hid_if.o
 .debug_frame   0x000002a0      0x2ec build/usbd_conf.o
 .debug_frame   0x0000058c      0x358 build/stm32f1xx_hal_pcd.o
 .debug_frame   0x000008e4       0x50 build/stm32f1xx_hal_pcd_ex.o
 .debug_frame   0x00000934      0x200 build/stm32f1xx_ll_usb.o
 .debug_frame   0x00000b34      0x1cc build/stm32f1xx_hal.o
 .debug_frame   0x00000d00      0x184 build/stm32f1xx_hal_rcc.o
 .debug_frame   0x00000e84       0x5c build/stm32f1xx_hal_rcc_ex.o
 .debug_frame   0x00000ee0      0x19c build/stm32f1xx_hal_cortex.o
 .debug_frame   0x0000107c       0x30 build/system_stm32f1xx.o
 .debug_frame   0x000010ac      0x1c4 build/usbd_core.o
 .debug_frame   0x00001270      0x178 build/usbd_ctlreq.o
 .debug_frame   0x000013e8       0xb8 build/usbd_ioreq.o
 .debug_frame   0x000014a0      0x11c build/usbd_customhid.o
 .debug_frame   0x000015bc       0x20 /Applications/ArmGNUToolchain/13.2.Rel1/arm-none-eabi/bin/../lib/gcc/arm-none-eabi/13.2.1/../../../../arm-none-eabi/lib/thumb/v7-m/nofp/libc_nano.a(libc_a-memset.o)
 .debug_frame   0x000015dc       0x2c /Applications/ArmGNUToolchain/13.2.Rel1/arm-none-eabi/bin/../lib/gcc/arm-none-eabi/13.2.1/../../../../arm-none-eabi/lib/thumb/v7-m/nofp/libc_nano.a(libc_a-init.o)

Cross Reference Table

Symbol                                            File
ADC1_2_IRQHandler                                 build/startup_stm32f103x6.o
AHBPrescTable                                     build/system_stm32f1xx.o
                                                  build/stm32f1xx_hal_rcc.o
APBPrescTable                                     build/system_stm32f1xx.o
                                                  build/stm32f1xx_hal_rcc.o
BusFault_Handler                                  build/stm32f1xx_it.o
CAN1_RX1_IRQHandler                               build/startup_stm32f103x6.o
CAN1_SCE_IRQHandler                               build/startup_stm32f103x6.o
DMA1_Channel1_IRQHandler                          build/startup_stm32f103x6.o
DMA1_Channel2_IRQHandler                          build/startup_stm32f103x6.o
DMA1_Channel3_IRQHandler                          build/startup_stm32f103x6.o
DMA1_Channel4_IRQHandler                          build/startup_stm32f103x6.o
DMA1_Channel5_IRQHandler                          build/startup_stm32f103x6.o
DMA1_Channel6_IRQHandler                          build/startup_stm32f103x6.o
DMA1_Channel7_IRQHandler                          build/startup_stm32f103x6.o
DebugMon_Handler                                  build/stm32f1xx_it.o
Default_Handler                                   build/startup_stm32f103x6.o
EXTI0_IRQHandler                                  build/startup_stm32f103x6.o
EXTI15_10_IRQHandler                              build/startup_stm32f103x6.o
EXTI1_IRQHandler                                  build/startup_stm32f103x6.o
EXTI2_IRQHandler                                  build/startup_stm32f103x6.o
EXTI3_IRQHandler                                  build/startup_stm32f103x6.o
EXTI4_IRQHandler                                  build/startup_stm32f103x6.o
EXTI9_5_IRQHandler                                build/startup_stm32f103x6.o
Error_Handler                                     build/main.o
                                                  build/usbd_conf.o
                                                  build/usb_device.o
FLASH_IRQHandler                                  build/startup_stm32f103x6.o
FLASH_PageErase                                   build/stm32f1xx_hal_flash_ex.o
                                                  build/stm32f1xx_hal_flash.o
FLASH_WaitForLastOperation                        build/stm32f1xx_hal_flash.o
                                                  build/stm32f1xx_hal_flash_ex.o
FS_Desc                                           build/usbd_desc.o
                                                  build/usb_device.o
HAL_DBGMCU_DisableDBGSleepMode                    build/stm32f1xx_hal.o
HAL_DBGMCU_DisableDBGStandbyMode                  build/stm32f1xx_hal.o
HAL_DBGMCU_DisableDBGStopMode                     build/stm32f1xx_hal.o
HAL_DBGMCU_EnableDBGSleepMode                     build/stm32f1xx_hal.o
HAL_DBGMCU_EnableDBGStandbyMode                   build/stm32f1xx_hal.o
HAL_DBGMCU_EnableDBGStopMode                      build/stm32f1xx_hal.o
HAL_DMA_Abort                                     build/stm32f1xx_hal_dma.o
HAL_DMA_Abort_IT                                  build/stm32f1xx_hal_dma.o
HAL_DMA_DeInit                                    build/stm32f1xx_hal_dma.o
HAL_DMA_GetError                                  build/stm32f1xx_hal_dma.o
HAL_DMA_GetState                                  build/stm32f1xx_hal_dma.o
HAL_DMA_IRQHandler                                build/stm32f1xx_hal_dma.o
HAL_DMA_Init                                      build/stm32f1xx_hal_dma.o
HAL_DMA_PollForTransfer                           build/stm32f1xx_hal_dma.o
HAL_DMA_RegisterCallback                          build/stm32f1xx_hal_dma.o
HAL_DMA_Start                                     build/stm32f1xx_hal_dma.o
HAL_DMA_Start_IT                                  build/stm32f1xx_hal_dma.o
HAL_DMA_UnRegisterCallback                        build/stm32f1xx_hal_dma.o
HAL_DeInit                                        build/stm32f1xx_hal.o
HAL_Delay                                         build/stm32f1xx_hal.o
                                                  build/usbd_conf.o
HAL_EXTI_ClearConfigLine                          build/stm32f1xx_hal_exti.o
HAL_EXTI_ClearPending                             build/stm32f1xx_hal_exti.o
HAL_EXTI_GenerateSWI                              build/stm32f1xx_hal_exti.o
HAL_EXTI_GetConfigLine                            build/stm32f1xx_hal_exti.o
HAL_EXTI_GetHandle                                build/stm32f1xx_hal_exti.o
HAL_EXTI_GetPending                               build/stm32f1xx_hal_exti.o
HAL_EXTI_IRQHandler                               build/stm32f1xx_hal_exti.o
HAL_EXTI_RegisterCallback                         build/stm32f1xx_hal_exti.o
HAL_EXTI_SetConfigLine                            build/stm32f1xx_hal_exti.o
HAL_FLASHEx_Erase                                 build/stm32f1xx_hal_flash_ex.o
HAL_FLASHEx_Erase_IT                              build/stm32f1xx_hal_flash_ex.o
HAL_FLASHEx_OBErase                               build/stm32f1xx_hal_flash_ex.o
HAL_FLASHEx_OBGetConfig                           build/stm32f1xx_hal_flash_ex.o
HAL_FLASHEx_OBGetUserData                         build/stm32f1xx_hal_flash_ex.o
HAL_FLASHEx_OBProgram                             build/stm32f1xx_hal_flash_ex.o
HAL_FLASH_EndOfOperationCallback                  build/stm32f1xx_hal_flash.o
HAL_FLASH_GetError                                build/stm32f1xx_hal_flash.o
HAL_FLASH_IRQHandler                              build/stm32f1xx_hal_flash.o
HAL_FLASH_Lock                                    build/stm32f1xx_hal_flash.o
HAL_FLASH_OB_Launch                               build/stm32f1xx_hal_flash.o
HAL_FLASH_OB_Lock                                 build/stm32f1xx_hal_flash.o
HAL_FLASH_OB_Unlock                               build/stm32f1xx_hal_flash.o
HAL_FLASH_OperationErrorCallback                  build/stm32f1xx_hal_flash.o
HAL_FLASH_Program                                 build/stm32f1xx_hal_flash.o
HAL_FLASH_Program_IT                              build/stm32f1xx_hal_flash.o
HAL_FLASH_Unlock                                  build/stm32f1xx_hal_flash.o
HAL_GPIOEx_ConfigEventout                         build/stm32f1xx_hal_gpio_ex.o
HAL_GPIOEx_DisableEventout                        build/stm32f1xx_hal_gpio_ex.o
HAL_GPIOEx_EnableEventout                         build/stm32f1xx_hal_gpio_ex.o
HAL_GPIO_DeInit                                   build/stm32f1xx_hal_gpio.o
HAL_GPIO_EXTI_Callback                            build/stm32f1xx_hal_gpio.o
HAL_GPIO_EXTI_IRQHandler                          build/stm32f1xx_hal_gpio.o
HAL_GPIO_Init                                     build/stm32f1xx_hal_gpio.o
                                                  build/stm32f1xx_hal_rcc.o
HAL_GPIO_LockPin                                  build/stm32f1xx_hal_gpio.o
HAL_GPIO_ReadPin                                  build/stm32f1xx_hal_gpio.o
HAL_GPIO_TogglePin                                build/stm32f1xx_hal_gpio.o
HAL_GPIO_WritePin                                 build/stm32f1xx_hal_gpio.o
HAL_GetDEVID                                      build/stm32f1xx_hal.o
HAL_GetHalVersion                                 build/stm32f1xx_hal.o
HAL_GetREVID                                      build/stm32f1xx_hal.o
HAL_GetTick                                       build/stm32f1xx_hal.o
                                                  build/stm32f1xx_hal_flash.o
                                                  build/stm32f1xx_hal_dma.o
                                                  build/stm32f1xx_hal_rcc_ex.o
                                                  build/stm32f1xx_hal_rcc.o
HAL_GetTickFreq                                   build/stm32f1xx_hal.o
HAL_GetTickPrio                                   build/stm32f1xx_hal.o
HAL_GetUIDw0                                      build/stm32f1xx_hal.o
HAL_GetUIDw1                                      build/stm32f1xx_hal.o
HAL_GetUIDw2                                      build/stm32f1xx_hal.o
HAL_IncTick                                       build/stm32f1xx_hal.o
                                                  build/stm32f1xx_it.o
HAL_Init                                          build/stm32f1xx_hal.o
                                                  build/main.o
HAL_InitTick                                      build/stm32f1xx_hal.o
                                                  build/stm32f1xx_hal_rcc.o
HAL_MspDeInit                                     build/stm32f1xx_hal.o
HAL_MspInit                                       build/stm32f1xx_hal_msp.o
HAL_NVIC_ClearPendingIRQ                          build/stm32f1xx_hal_cortex.o
HAL_NVIC_DisableIRQ                               build/stm32f1xx_hal_cortex.o
                                                  build/usbd_conf.o
HAL_NVIC_EnableIRQ                                build/stm32f1xx_hal_cortex.o
                                                  build/usbd_conf.o
HAL_NVIC_GetActive                                build/stm32f1xx_hal_cortex.o
HAL_NVIC_GetPendingIRQ                            build/stm32f1xx_hal_cortex.o
HAL_NVIC_GetPriority                              build/stm32f1xx_hal_cortex.o
HAL_NVIC_GetPriorityGrouping                      build/stm32f1xx_hal_cortex.o
HAL_NVIC_SetPendingIRQ                            build/stm32f1xx_hal_cortex.o
HAL_NVIC_SetPriority                              build/stm32f1xx_hal_cortex.o
                                                  build/stm32f1xx_hal.o
                                                  build/usbd_conf.o
HAL_NVIC_SetPriorityGrouping                      build/stm32f1xx_hal_cortex.o
                                                  build/stm32f1xx_hal.o
HAL_NVIC_SystemReset                              build/stm32f1xx_hal_cortex.o
                                                  build/stm32f1xx_hal_flash.o
HAL_PCDEx_BCD_Callback                            build/stm32f1xx_hal_pcd_ex.o
HAL_PCDEx_LPM_Callback                            build/stm32f1xx_hal_pcd_ex.o
HAL_PCDEx_PMAConfig                               build/stm32f1xx_hal_pcd_ex.o
                                                  build/usbd_conf.o
HAL_PCDEx_SetConnectionState                      build/usbd_conf.o
                                                  build/stm32f1xx_hal_pcd.o
HAL_PCD_ActivateRemoteWakeup                      build/stm32f1xx_hal_pcd.o
HAL_PCD_ConnectCallback                           build/usbd_conf.o
HAL_PCD_DataInStageCallback                       build/usbd_conf.o
HAL_PCD_DataOutStageCallback                      build/usbd_conf.o
HAL_PCD_DeActivateRemoteWakeup                    build/stm32f1xx_hal_pcd.o
HAL_PCD_DeInit                                    build/stm32f1xx_hal_pcd.o
                                                  build/usbd_conf.o
HAL_PCD_DevConnect                                build/stm32f1xx_hal_pcd.o
HAL_PCD_DevDisconnect                             build/stm32f1xx_hal_pcd.o
HAL_PCD_DisconnectCallback                        build/usbd_conf.o
HAL_PCD_EP_Abort                                  build/stm32f1xx_hal_pcd.o
HAL_PCD_EP_Close                                  build/stm32f1xx_hal_pcd.o
                                                  build/usbd_conf.o
HAL_PCD_EP_ClrStall                               build/stm32f1xx_hal_pcd.o
                                                  build/usbd_conf.o
HAL_PCD_EP_Flush                                  build/stm32f1xx_hal_pcd.o
                                                  build/usbd_conf.o
HAL_PCD_EP_GetRxCount                             build/stm32f1xx_hal_pcd.o
                                                  build/usbd_conf.o
HAL_PCD_EP_Open                                   build/stm32f1xx_hal_pcd.o
                                                  build/usbd_conf.o
HAL_PCD_EP_Receive                                build/stm32f1xx_hal_pcd.o
                                                  build/usbd_conf.o
HAL_PCD_EP_SetStall                               build/stm32f1xx_hal_pcd.o
                                                  build/usbd_conf.o
HAL_PCD_EP_Transmit                               build/stm32f1xx_hal_pcd.o
                                                  build/usbd_conf.o
HAL_PCD_GetState                                  build/stm32f1xx_hal_pcd.o
HAL_PCD_IRQHandler                                build/stm32f1xx_hal_pcd.o
                                                  build/stm32f1xx_it.o
HAL_PCD_ISOINIncompleteCallback                   build/usbd_conf.o
HAL_PCD_ISOOUTIncompleteCallback                  build/usbd_conf.o
HAL_PCD_Init                                      build/stm32f1xx_hal_pcd.o
                                                  build/usbd_conf.o
HAL_PCD_MspDeInit                                 build/usbd_conf.o
HAL_PCD_MspInit                                   build/usbd_conf.o
HAL_PCD_ResetCallback                             build/usbd_conf.o
HAL_PCD_ResumeCallback                            build/usbd_conf.o
HAL_PCD_SOFCallback                               build/usbd_conf.o
HAL_PCD_SetAddress                                build/stm32f1xx_hal_pcd.o
                                                  build/usbd_conf.o
HAL_PCD_SetupStageCallback                        build/usbd_conf.o
HAL_PCD_Start                                     build/stm32f1xx_hal_pcd.o
                                                  build/usbd_conf.o
HAL_PCD_Stop                                      build/stm32f1xx_hal_pcd.o
                                                  build/usbd_conf.o
HAL_PCD_SuspendCallback                           build/usbd_conf.o
HAL_PCD_WKUP_IRQHandler                           build/stm32f1xx_hal_pcd.o
HAL_PWR_ConfigPVD                                 build/stm32f1xx_hal_pwr.o
HAL_PWR_DeInit                                    build/stm32f1xx_hal_pwr.o
HAL_PWR_DisableBkUpAccess                         build/stm32f1xx_hal_pwr.o
HAL_PWR_DisablePVD                                build/stm32f1xx_hal_pwr.o
HAL_PWR_DisableSEVOnPend                          build/stm32f1xx_hal_pwr.o
HAL_PWR_DisableSleepOnExit                        build/stm32f1xx_hal_pwr.o
HAL_PWR_DisableWakeUpPin                          build/stm32f1xx_hal_pwr.o
HAL_PWR_EnableBkUpAccess                          build/stm32f1xx_hal_pwr.o
HAL_PWR_EnablePVD                                 build/stm32f1xx_hal_pwr.o
HAL_PWR_EnableSEVOnPend                           build/stm32f1xx_hal_pwr.o
HAL_PWR_EnableSleepOnExit                         build/stm32f1xx_hal_pwr.o
HAL_PWR_EnableWakeUpPin                           build/stm32f1xx_hal_pwr.o
HAL_PWR_EnterSLEEPMode                            build/stm32f1xx_hal_pwr.o
HAL_PWR_EnterSTANDBYMode                          build/stm32f1xx_hal_pwr.o
HAL_PWR_EnterSTOPMode                             build/stm32f1xx_hal_pwr.o
HAL_PWR_PVDCallback                               build/stm32f1xx_hal_pwr.o
HAL_PWR_PVD_IRQHandler                            build/stm32f1xx_hal_pwr.o
HAL_RCCEx_GetPeriphCLKConfig                      build/stm32f1xx_hal_rcc_ex.o
HAL_RCCEx_GetPeriphCLKFreq                        build/stm32f1xx_hal_rcc_ex.o
HAL_RCCEx_PeriphCLKConfig                         build/stm32f1xx_hal_rcc_ex.o
                                                  build/main.o
HAL_RCC_CSSCallback                               build/stm32f1xx_hal_rcc.o
HAL_RCC_ClockConfig                               build/stm32f1xx_hal_rcc.o
                                                  build/main.o
HAL_RCC_DeInit                                    build/stm32f1xx_hal_rcc.o
HAL_RCC_DisableCSS                                build/stm32f1xx_hal_rcc.o
HAL_RCC_EnableCSS                                 build/stm32f1xx_hal_rcc.o
HAL_RCC_GetClockConfig                            build/stm32f1xx_hal_rcc.o
HAL_RCC_GetHCLKFreq                               build/stm32f1xx_hal_rcc.o
HAL_RCC_GetOscConfig                              build/stm32f1xx_hal_rcc.o
HAL_RCC_GetPCLK1Freq                              build/stm32f1xx_hal_rcc.o
HAL_RCC_GetPCLK2Freq                              build/stm32f1xx_hal_rcc.o
                                                  build/stm32f1xx_hal_rcc_ex.o
HAL_RCC_GetSysClockFreq                           build/stm32f1xx_hal_rcc.o
HAL_RCC_MCOConfig                                 build/stm32f1xx_hal_rcc.o
HAL_RCC_NMI_IRQHandler                            build/stm32f1xx_hal_rcc.o
HAL_RCC_OscConfig                                 build/stm32f1xx_hal_rcc.o
                                                  build/main.o
HAL_ResumeTick                                    build/stm32f1xx_hal.o
HAL_SYSTICK_CLKSourceConfig                       build/stm32f1xx_hal_cortex.o
HAL_SYSTICK_Callback                              build/stm32f1xx_hal_cortex.o
HAL_SYSTICK_Config                                build/stm32f1xx_hal_cortex.o
                                                  build/stm32f1xx_hal.o
HAL_SYSTICK_IRQHandler                            build/stm32f1xx_hal_cortex.o
HAL_SetTickFreq                                   build/stm32f1xx_hal.o
HAL_SuspendTick                                   build/stm32f1xx_hal.o
HardFault_Handler                                 build/stm32f1xx_it.o
I2C1_ER_IRQHandler                                build/startup_stm32f103x6.o
I2C1_EV_IRQHandler                                build/startup_stm32f103x6.o
MX_USB_DEVICE_Init                                build/usb_device.o
                                                  build/main.o
MemManage_Handler                                 build/stm32f1xx_it.o
NMI_Handler                                       build/stm32f1xx_it.o
PVD_IRQHandler                                    build/startup_stm32f103x6.o
PendSV_Handler                                    build/stm32f1xx_it.o
RCC_IRQHandler                                    build/startup_stm32f103x6.o
RTC_Alarm_IRQHandler                              build/startup_stm32f103x6.o
RTC_IRQHandler                                    build/startup_stm32f103x6.o
Reset_Handler                                     build/startup_stm32f103x6.o
SPI1_IRQHandler                                   build/startup_stm32f103x6.o
SVC_Handler                                       build/stm32f1xx_it.o
SysTick_Handler                                   build/stm32f1xx_it.o
SystemClock_Config                                build/main.o
SystemCoreClock                                   build/system_stm32f1xx.o
                                                  build/stm32f1xx_hal_rcc.o
                                                  build/stm32f1xx_hal.o
SystemCoreClockUpdate                             build/system_stm32f1xx.o
SystemInit                                        build/system_stm32f1xx.o
                                                  build/startup_stm32f103x6.o
TAMPER_IRQHandler                                 build/startup_stm32f103x6.o
TIM1_BRK_IRQHandler                               build/startup_stm32f103x6.o
TIM1_CC_IRQHandler                                build/startup_stm32f103x6.o
TIM1_TRG_COM_IRQHandler                           build/startup_stm32f103x6.o
TIM1_UP_IRQHandler                                build/startup_stm32f103x6.o
TIM2_IRQHandler                                   build/startup_stm32f103x6.o
TIM3_IRQHandler                                   build/startup_stm32f103x6.o
USART1_IRQHandler                                 build/startup_stm32f103x6.o
USART2_IRQHandler                                 build/startup_stm32f103x6.o
USBD_CUSTOM_HID                                   build/usbd_customhid.o
                                                  build/usb_device.o
USBD_CUSTOM_HID_RegisterInterface                 build/usbd_customhid.o
                                                  build/usb_device.o
USBD_CUSTOM_HID_SendReport                        build/usbd_customhid.o
USBD_ClrClassConfig                               build/usbd_core.o
                                                  build/usbd_ctlreq.o
USBD_CtlContinueRx                                build/usbd_ioreq.o
                                                  build/usbd_core.o
USBD_CtlContinueSendData                          build/usbd_ioreq.o
                                                  build/usbd_core.o
USBD_CtlError                                     build/usbd_ctlreq.o
                                                  build/usbd_customhid.o
USBD_CtlPrepareRx                                 build/usbd_ioreq.o
                                                  build/usbd_customhid.o
USBD_CtlReceiveStatus                             build/usbd_ioreq.o
                                                  build/usbd_core.o
USBD_CtlSendData                                  build/usbd_ioreq.o
                                                  build/usbd_customhid.o
                                                  build/usbd_ctlreq.o
USBD_CtlSendStatus                                build/usbd_ioreq.o
                                                  build/usbd_ctlreq.o
                                                  build/usbd_core.o
USBD_CustomHID_fops_FS                            build/usbd_custom_hid_if.o
                                                  build/usb_device.o
USBD_DeInit                                       build/usbd_core.o
USBD_FS_ConfigStrDescriptor                       build/usbd_desc.o
USBD_FS_DeviceDesc                                build/usbd_desc.o
USBD_FS_DeviceDescriptor                          build/usbd_desc.o
USBD_FS_InterfaceStrDescriptor                    build/usbd_desc.o
USBD_FS_LangIDStrDescriptor                       build/usbd_desc.o
USBD_FS_ManufacturerStrDescriptor                 build/usbd_desc.o
USBD_FS_ProductStrDescriptor                      build/usbd_desc.o
USBD_FS_SerialStrDescriptor                       build/usbd_desc.o
USBD_GetRxCount                                   build/usbd_ioreq.o
USBD_GetString                                    build/usbd_ctlreq.o
                                                  build/usbd_desc.o
USBD_Init                                         build/usbd_core.o
                                                  build/usb_device.o
USBD_LL_ClearStallEP                              build/usbd_conf.o
                                                  build/usbd_ctlreq.o
USBD_LL_CloseEP                                   build/usbd_conf.o
                                                  build/usbd_customhid.o
USBD_LL_DataInStage                               build/usbd_core.o
                                                  build/usbd_conf.o
USBD_LL_DataOutStage                              build/usbd_core.o
                                                  build/usbd_conf.o
USBD_LL_DeInit                                    build/usbd_conf.o
                                                  build/usbd_core.o
USBD_LL_Delay                                     build/usbd_conf.o
USBD_LL_DevConnected                              build/usbd_core.o
                                                  build/usbd_conf.o
USBD_LL_DevDisconnected                           build/usbd_core.o
                                                  build/usbd_conf.o
USBD_LL_FlushEP                                   build/usbd_conf.o
USBD_LL_GetRxDataSize                             build/usbd_conf.o
                                                  build/usbd_ioreq.o
USBD_LL_Init                                      build/usbd_conf.o
                                                  build/usbd_core.o
USBD_LL_IsStallEP                                 build/usbd_conf.o
                                                  build/usbd_ctlreq.o
USBD_LL_IsoINIncomplete                           build/usbd_core.o
                                                  build/usbd_conf.o
USBD_LL_IsoOUTIncomplete                          build/usbd_core.o
                                                  build/usbd_conf.o
USBD_LL_OpenEP                                    build/usbd_conf.o
                                                  build/usbd_customhid.o
                                                  build/usbd_core.o
USBD_LL_PrepareReceive                            build/usbd_conf.o
                                                  build/usbd_customhid.o
                                                  build/usbd_ioreq.o
                                                  build/usbd_core.o
USBD_LL_Reset                                     build/usbd_core.o
                                                  build/usbd_conf.o
USBD_LL_Resume                                    build/usbd_core.o
                                                  build/usbd_conf.o
USBD_LL_SOF                                       build/usbd_core.o
                                                  build/usbd_conf.o
USBD_LL_SetSpeed                                  build/usbd_core.o
                                                  build/usbd_conf.o
USBD_LL_SetUSBAddress                             build/usbd_conf.o
                                                  build/usbd_ctlreq.o
USBD_LL_SetupStage                                build/usbd_core.o
                                                  build/usbd_conf.o
USBD_LL_StallEP                                   build/usbd_conf.o
                                                  build/usbd_ctlreq.o
                                                  build/usbd_core.o
USBD_LL_Start                                     build/usbd_conf.o
                                                  build/usbd_core.o
USBD_LL_Stop                                      build/usbd_conf.o
                                                  build/usbd_core.o
USBD_LL_Suspend                                   build/usbd_core.o
                                                  build/usbd_conf.o
USBD_LL_Transmit                                  build/usbd_conf.o
                                                  build/usbd_customhid.o
                                                  build/usbd_ioreq.o
USBD_LangIDDesc                                   build/usbd_desc.o
USBD_ParseSetupRequest                            build/usbd_ctlreq.o
                                                  build/usbd_core.o
USBD_RegisterClass                                build/usbd_core.o
                                                  build/usb_device.o
USBD_RunTestMode                                  build/usbd_core.o
USBD_SetClassConfig                               build/usbd_core.o
                                                  build/usbd_ctlreq.o
USBD_Start                                        build/usbd_core.o
                                                  build/usb_device.o
USBD_StdDevReq                                    build/usbd_ctlreq.o
                                                  build/usbd_core.o
USBD_StdEPReq                                     build/usbd_ctlreq.o
                                                  build/usbd_core.o
USBD_StdItfReq                                    build/usbd_ctlreq.o
                                                  build/usbd_core.o
USBD_Stop                                         build/usbd_core.o
USBD_StrDesc                                      build/usbd_desc.o
USBD_StringSerial                                 build/usbd_desc.o
USBD_static_free                                  build/usbd_conf.o
                                                  build/usbd_customhid.o
USBD_static_malloc                                build/usbd_conf.o
                                                  build/usbd_customhid.o
USBWakeUp_IRQHandler                              build/startup_stm32f103x6.o
USB_ActivateEndpoint                              build/stm32f1xx_ll_usb.o
                                                  build/stm32f1xx_hal_pcd.o
USB_ActivateRemoteWakeup                          build/stm32f1xx_ll_usb.o
                                                  build/stm32f1xx_hal_pcd.o
USB_ClearInterrupts                               build/stm32f1xx_ll_usb.o
USB_CoreInit                                      build/stm32f1xx_ll_usb.o
                                                  build/stm32f1xx_hal_pcd.o
USB_DeActivateRemoteWakeup                        build/stm32f1xx_ll_usb.o
                                                  build/stm32f1xx_hal_pcd.o
USB_DeactivateEndpoint                            build/stm32f1xx_ll_usb.o
                                                  build/stm32f1xx_hal_pcd.o
USB_DevConnect                                    build/stm32f1xx_ll_usb.o
                                                  build/stm32f1xx_hal_pcd.o
USB_DevDisconnect                                 build/stm32f1xx_ll_usb.o
                                                  build/stm32f1xx_hal_pcd.o
USB_DevInit                                       build/stm32f1xx_ll_usb.o
                                                  build/stm32f1xx_hal_pcd.o
USB_DisableGlobalInt                              build/stm32f1xx_ll_usb.o
                                                  build/stm32f1xx_hal_pcd.o
USB_EP0_OutStart                                  build/stm32f1xx_ll_usb.o
                                                  build/stm32f1xx_hal_pcd.o
USB_EPClearStall                                  build/stm32f1xx_ll_usb.o
                                                  build/stm32f1xx_hal_pcd.o
USB_EPSetStall                                    build/stm32f1xx_ll_usb.o
                                                  build/stm32f1xx_hal_pcd.o
USB_EPStartXfer                                   build/stm32f1xx_ll_usb.o
                                                  build/stm32f1xx_hal_pcd.o
USB_EPStopXfer                                    build/stm32f1xx_ll_usb.o
                                                  build/stm32f1xx_hal_pcd.o
USB_EnableGlobalInt                               build/stm32f1xx_ll_usb.o
                                                  build/stm32f1xx_hal_pcd.o
USB_FlushRxFifo                                   build/stm32f1xx_ll_usb.o
                                                  build/stm32f1xx_hal_pcd.o
USB_FlushTxFifo                                   build/stm32f1xx_ll_usb.o
                                                  build/stm32f1xx_hal_pcd.o
USB_HP_CAN1_TX_IRQHandler                         build/startup_stm32f103x6.o
USB_LP_CAN1_RX0_IRQHandler                        build/stm32f1xx_it.o
USB_ReadDevAllInEpInterrupt                       build/stm32f1xx_ll_usb.o
USB_ReadDevAllOutEpInterrupt                      build/stm32f1xx_ll_usb.o
USB_ReadDevInEPInterrupt                          build/stm32f1xx_ll_usb.o
USB_ReadDevOutEPInterrupt                         build/stm32f1xx_ll_usb.o
USB_ReadInterrupts                                build/stm32f1xx_ll_usb.o
                                                  build/stm32f1xx_hal_pcd.o
USB_ReadPMA                                       build/stm32f1xx_ll_usb.o
                                                  build/stm32f1xx_hal_pcd.o
USB_SetCurrentMode                                build/stm32f1xx_ll_usb.o
                                                  build/stm32f1xx_hal_pcd.o
USB_SetDevAddress                                 build/stm32f1xx_ll_usb.o
                                                  build/stm32f1xx_hal_pcd.o
USB_StopDevice                                    build/stm32f1xx_ll_usb.o
                                                  build/stm32f1xx_hal_pcd.o
USB_WritePMA                                      build/stm32f1xx_ll_usb.o
                                                  build/stm32f1xx_hal_pcd.o
UsageFault_Handler                                build/stm32f1xx_it.o
WWDG_IRQHandler                                   build/startup_stm32f103x6.o
_ITM_deregisterTMCloneTable                       /Applications/ArmGNUToolchain/13.2.Rel1/arm-none-eabi/bin/../lib/gcc/arm-none-eabi/13.2.1/thumb/v7-m/nofp/crtbegin.o
_ITM_registerTMCloneTable                         /Applications/ArmGNUToolchain/13.2.Rel1/arm-none-eabi/bin/../lib/gcc/arm-none-eabi/13.2.1/thumb/v7-m/nofp/crtbegin.o
_Min_Stack_Size                                   build/sysmem.o
__TMC_END__                                       /Applications/ArmGNUToolchain/13.2.Rel1/arm-none-eabi/bin/../lib/gcc/arm-none-eabi/13.2.1/thumb/v7-m/nofp/crtend.o
                                                  /Applications/ArmGNUToolchain/13.2.Rel1/arm-none-eabi/bin/../lib/gcc/arm-none-eabi/13.2.1/thumb/v7-m/nofp/crtbegin.o
__bss_end__                                       /Applications/ArmGNUToolchain/13.2.Rel1/arm-none-eabi/bin/../lib/gcc/arm-none-eabi/13.2.1/../../../../arm-none-eabi/lib/thumb/v7-m/nofp/crt0.o
__bss_start__                                     /Applications/ArmGNUToolchain/13.2.Rel1/arm-none-eabi/bin/../lib/gcc/arm-none-eabi/13.2.1/../../../../arm-none-eabi/lib/thumb/v7-m/nofp/crt0.o
__call_exitprocs                                  /Applications/ArmGNUToolchain/13.2.Rel1/arm-none-eabi/bin/../lib/gcc/arm-none-eabi/13.2.1/../../../../arm-none-eabi/lib/thumb/v7-m/nofp/libc_nano.a(libc_a-exit.o)
__deregister_frame_info                           /Applications/ArmGNUToolchain/13.2.Rel1/arm-none-eabi/bin/../lib/gcc/arm-none-eabi/13.2.1/thumb/v7-m/nofp/crtbegin.o
__dso_handle                                      /Applications/ArmGNUToolchain/13.2.Rel1/arm-none-eabi/bin/../lib/gcc/arm-none-eabi/13.2.1/thumb/v7-m/nofp/crtbegin.o
__env                                             build/syscalls.o
__errno                                           /Applications/ArmGNUToolchain/13.2.Rel1/arm-none-eabi/bin/../lib/gcc/arm-none-eabi/13.2.1/../../../../arm-none-eabi/lib/thumb/v7-m/nofp/libc_nano.a(libc_a-errno.o)
                                                  build/syscalls.o
                                                  build/sysmem.o
__fp_lock_all                                     /Applications/ArmGNUToolchain/13.2.Rel1/arm-none-eabi/bin/../lib/gcc/arm-none-eabi/13.2.1/../../../../arm-none-eabi/lib/thumb/v7-m/nofp/libc_nano.a(libc_a-findfp.o)
__fp_unlock_all                                   /Applications/ArmGNUToolchain/13.2.Rel1/arm-none-eabi/bin/../lib/gcc/arm-none-eabi/13.2.1/../../../../arm-none-eabi/lib/thumb/v7-m/nofp/libc_nano.a(libc_a-findfp.o)
__init_array_end                                  /Applications/ArmGNUToolchain/13.2.Rel1/arm-none-eabi/bin/../lib/gcc/arm-none-eabi/13.2.1/../../../../arm-none-eabi/lib/thumb/v7-m/nofp/libc_nano.a(libc_a-init.o)
__init_array_start                                /Applications/ArmGNUToolchain/13.2.Rel1/arm-none-eabi/bin/../lib/gcc/arm-none-eabi/13.2.1/../../../../arm-none-eabi/lib/thumb/v7-m/nofp/libc_nano.a(libc_a-init.o)
__io_getchar                                      build/syscalls.o
__io_putchar                                      build/syscalls.o
__libc_fini_array                                 /Applications/ArmGNUToolchain/13.2.Rel1/arm-none-eabi/bin/../lib/gcc/arm-none-eabi/13.2.1/../../../../arm-none-eabi/lib/thumb/v7-m/nofp/crt0.o
__libc_init_array                                 /Applications/ArmGNUToolchain/13.2.Rel1/arm-none-eabi/bin/../lib/gcc/arm-none-eabi/13.2.1/../../../../arm-none-eabi/lib/thumb/v7-m/nofp/libc_nano.a(libc_a-init.o)
                                                  build/startup_stm32f103x6.o
                                                  /Applications/ArmGNUToolchain/13.2.Rel1/arm-none-eabi/bin/../lib/gcc/arm-none-eabi/13.2.1/../../../../arm-none-eabi/lib/thumb/v7-m/nofp/crt0.o
__lock___arc4random_mutex                         /Applications/ArmGNUToolchain/13.2.Rel1/arm-none-eabi/bin/../lib/gcc/arm-none-eabi/13.2.1/../../../../arm-none-eabi/lib/thumb/v7-m/nofp/libc_nano.a(libc_a-lock.o)
__lock___at_quick_exit_mutex                      /Applications/ArmGNUToolchain/13.2.Rel1/arm-none-eabi/bin/../lib/gcc/arm-none-eabi/13.2.1/../../../../arm-none-eabi/lib/thumb/v7-m/nofp/libc_nano.a(libc_a-lock.o)
__lock___atexit_recursive_mutex                   /Applications/ArmGNUToolchain/13.2.Rel1/arm-none-eabi/bin/../lib/gcc/arm-none-eabi/13.2.1/../../../../arm-none-eabi/lib/thumb/v7-m/nofp/libc_nano.a(libc_a-lock.o)
__lock___dd_hash_mutex                            /Applications/ArmGNUToolchain/13.2.Rel1/arm-none-eabi/bin/../lib/gcc/arm-none-eabi/13.2.1/../../../../arm-none-eabi/lib/thumb/v7-m/nofp/libc_nano.a(libc_a-lock.o)
__lock___env_recursive_mutex                      /Applications/ArmGNUToolchain/13.2.Rel1/arm-none-eabi/bin/../lib/gcc/arm-none-eabi/13.2.1/../../../../arm-none-eabi/lib/thumb/v7-m/nofp/libc_nano.a(libc_a-lock.o)
__lock___malloc_recursive_mutex                   /Applications/ArmGNUToolchain/13.2.Rel1/arm-none-eabi/bin/../lib/gcc/arm-none-eabi/13.2.1/../../../../arm-none-eabi/lib/thumb/v7-m/nofp/libc_nano.a(libc_a-lock.o)
                                                  /Applications/ArmGNUToolchain/13.2.Rel1/arm-none-eabi/bin/../lib/gcc/arm-none-eabi/13.2.1/../../../../arm-none-eabi/lib/thumb/v7-m/nofp/libc_nano.a(libc_a-mlock.o)
__lock___sfp_recursive_mutex                      /Applications/ArmGNUToolchain/13.2.Rel1/arm-none-eabi/bin/../lib/gcc/arm-none-eabi/13.2.1/../../../../arm-none-eabi/lib/thumb/v7-m/nofp/libc_nano.a(libc_a-lock.o)
                                                  /Applications/ArmGNUToolchain/13.2.Rel1/arm-none-eabi/bin/../lib/gcc/arm-none-eabi/13.2.1/../../../../arm-none-eabi/lib/thumb/v7-m/nofp/libc_nano.a(libc_a-findfp.o)
__lock___tz_mutex                                 /Applications/ArmGNUToolchain/13.2.Rel1/arm-none-eabi/bin/../lib/gcc/arm-none-eabi/13.2.1/../../../../arm-none-eabi/lib/thumb/v7-m/nofp/libc_nano.a(libc_a-lock.o)
__malloc_free_list                                /Applications/ArmGNUToolchain/13.2.Rel1/arm-none-eabi/bin/../lib/gcc/arm-none-eabi/13.2.1/../../../../arm-none-eabi/lib/thumb/v7-m/nofp/libc_nano.a(libc_a-mallocr.o)
                                                  /Applications/ArmGNUToolchain/13.2.Rel1/arm-none-eabi/bin/../lib/gcc/arm-none-eabi/13.2.1/../../../../arm-none-eabi/lib/thumb/v7-m/nofp/libc_nano.a(libc_a-freer.o)
__malloc_lock                                     /Applications/ArmGNUToolchain/13.2.Rel1/arm-none-eabi/bin/../lib/gcc/arm-none-eabi/13.2.1/../../../../arm-none-eabi/lib/thumb/v7-m/nofp/libc_nano.a(libc_a-mlock.o)
                                                  /Applications/ArmGNUToolchain/13.2.Rel1/arm-none-eabi/bin/../lib/gcc/arm-none-eabi/13.2.1/../../../../arm-none-eabi/lib/thumb/v7-m/nofp/libc_nano.a(libc_a-freer.o)
                                                  /Applications/ArmGNUToolchain/13.2.Rel1/arm-none-eabi/bin/../lib/gcc/arm-none-eabi/13.2.1/../../../../arm-none-eabi/lib/thumb/v7-m/nofp/libc_nano.a(libc_a-mallocr.o)
__malloc_sbrk_start                               /Applications/ArmGNUToolchain/13.2.Rel1/arm-none-eabi/bin/../lib/gcc/arm-none-eabi/13.2.1/../../../../arm-none-eabi/lib/thumb/v7-m/nofp/libc_nano.a(libc_a-mallocr.o)
__malloc_unlock                                   /Applications/ArmGNUToolchain/13.2.Rel1/arm-none-eabi/bin/../lib/gcc/arm-none-eabi/13.2.1/../../../../arm-none-eabi/lib/thumb/v7-m/nofp/libc_nano.a(libc_a-mlock.o)
                                                  /Applications/ArmGNUToolchain/13.2.Rel1/arm-none-eabi/bin/../lib/gcc/arm-none-eabi/13.2.1/../../../../arm-none-eabi/lib/thumb/v7-m/nofp/libc_nano.a(libc_a-freer.o)
                                                  /Applications/ArmGNUToolchain/13.2.Rel1/arm-none-eabi/bin/../lib/gcc/arm-none-eabi/13.2.1/../../../../arm-none-eabi/lib/thumb/v7-m/nofp/libc_nano.a(libc_a-mallocr.o)
__preinit_array_end                               /Applications/ArmGNUToolchain/13.2.Rel1/arm-none-eabi/bin/../lib/gcc/arm-none-eabi/13.2.1/../../../../arm-none-eabi/lib/thumb/v7-m/nofp/libc_nano.a(libc_a-init.o)
__preinit_array_start                             /Applications/ArmGNUToolchain/13.2.Rel1/arm-none-eabi/bin/../lib/gcc/arm-none-eabi/13.2.1/../../../../arm-none-eabi/lib/thumb/v7-m/nofp/libc_nano.a(libc_a-init.o)
__register_frame_info                             /Applications/ArmGNUToolchain/13.2.Rel1/arm-none-eabi/bin/../lib/gcc/arm-none-eabi/13.2.1/thumb/v7-m/nofp/crtbegin.o
__retarget_lock_acquire                           /Applications/ArmGNUToolchain/13.2.Rel1/arm-none-eabi/bin/../lib/gcc/arm-none-eabi/13.2.1/../../../../arm-none-eabi/lib/thumb/v7-m/nofp/libc_nano.a(libc_a-lock.o)
__retarget_lock_acquire_recursive                 /Applications/ArmGNUToolchain/13.2.Rel1/arm-none-eabi/bin/../lib/gcc/arm-none-eabi/13.2.1/../../../../arm-none-eabi/lib/thumb/v7-m/nofp/libc_nano.a(libc_a-lock.o)
                                                  /Applications/ArmGNUToolchain/13.2.Rel1/arm-none-eabi/bin/../lib/gcc/arm-none-eabi/13.2.1/../../../../arm-none-eabi/lib/thumb/v7-m/nofp/libc_nano.a(libc_a-mlock.o)
                                                  /Applications/ArmGNUToolchain/13.2.Rel1/arm-none-eabi/bin/../lib/gcc/arm-none-eabi/13.2.1/../../../../arm-none-eabi/lib/thumb/v7-m/nofp/libc_nano.a(libc_a-fflush.o)
                                                  /Applications/ArmGNUToolchain/13.2.Rel1/arm-none-eabi/bin/../lib/gcc/arm-none-eabi/13.2.1/../../../../arm-none-eabi/lib/thumb/v7-m/nofp/libc_nano.a(libc_a-findfp.o)
__retarget_lock_close                             /Applications/ArmGNUToolchain/13.2.Rel1/arm-none-eabi/bin/../lib/gcc/arm-none-eabi/13.2.1/../../../../arm-none-eabi/lib/thumb/v7-m/nofp/libc_nano.a(libc_a-lock.o)
__retarget_lock_close_recursive                   /Applications/ArmGNUToolchain/13.2.Rel1/arm-none-eabi/bin/../lib/gcc/arm-none-eabi/13.2.1/../../../../arm-none-eabi/lib/thumb/v7-m/nofp/libc_nano.a(libc_a-lock.o)
__retarget_lock_init                              /Applications/ArmGNUToolchain/13.2.Rel1/arm-none-eabi/bin/../lib/gcc/arm-none-eabi/13.2.1/../../../../arm-none-eabi/lib/thumb/v7-m/nofp/libc_nano.a(libc_a-lock.o)
__retarget_lock_init_recursive                    /Applications/ArmGNUToolchain/13.2.Rel1/arm-none-eabi/bin/../lib/gcc/arm-none-eabi/13.2.1/../../../../arm-none-eabi/lib/thumb/v7-m/nofp/libc_nano.a(libc_a-lock.o)
                                                  /Applications/ArmGNUToolchain/13.2.Rel1/arm-none-eabi/bin/../lib/gcc/arm-none-eabi/13.2.1/../../../../arm-none-eabi/lib/thumb/v7-m/nofp/libc_nano.a(libc_a-findfp.o)
__retarget_lock_release                           /Applications/ArmGNUToolchain/13.2.Rel1/arm-none-eabi/bin/../lib/gcc/arm-none-eabi/13.2.1/../../../../arm-none-eabi/lib/thumb/v7-m/nofp/libc_nano.a(libc_a-lock.o)
__retarget_lock_release_recursive                 /Applications/ArmGNUToolchain/13.2.Rel1/arm-none-eabi/bin/../lib/gcc/arm-none-eabi/13.2.1/../../../../arm-none-eabi/lib/thumb/v7-m/nofp/libc_nano.a(libc_a-lock.o)
                                                  /Applications/ArmGNUToolchain/13.2.Rel1/arm-none-eabi/bin/../lib/gcc/arm-none-eabi/13.2.1/../../../../arm-none-eabi/lib/thumb/v7-m/nofp/libc_nano.a(libc_a-mlock.o)
                                                  /Applications/ArmGNUToolchain/13.2.Rel1/arm-none-eabi/bin/../lib/gcc/arm-none-eabi/13.2.1/../../../../arm-none-eabi/lib/thumb/v7-m/nofp/libc_nano.a(libc_a-fflush.o)
                                                  /Applications/ArmGNUToolchain/13.2.Rel1/arm-none-eabi/bin/../lib/gcc/arm-none-eabi/13.2.1/../../../../arm-none-eabi/lib/thumb/v7-m/nofp/libc_nano.a(libc_a-findfp.o)